Archive member included because of file (symbol)

c:/program files/atmel/atmel toolchain/avr8 gcc/native/3.4.1056/avr8-gnu-toolchain/bin/../lib/gcc/avr/4.8.1/../../../../avr/lib/avr5\libprintf_flt.a(vfprintf_flt.o)
                              (vfprintf)
c:/program files/atmel/atmel toolchain/avr8 gcc/native/3.4.1056/avr8-gnu-toolchain/bin/../lib/gcc/avr/4.8.1/avr5\libgcc.a(_divmodhi4.o)
                              ui.o (__divmodhi4)
c:/program files/atmel/atmel toolchain/avr8 gcc/native/3.4.1056/avr8-gnu-toolchain/bin/../lib/gcc/avr/4.8.1/avr5\libgcc.a(_exit.o)
                              c:/program files/atmel/atmel toolchain/avr8 gcc/native/3.4.1056/avr8-gnu-toolchain/bin/../lib/gcc/avr/4.8.1/../../../../avr/lib/avr5/crtm328p.o (exit)
c:/program files/atmel/atmel toolchain/avr8 gcc/native/3.4.1056/avr8-gnu-toolchain/bin/../lib/gcc/avr/4.8.1/avr5\libgcc.a(_tablejump.o)
                              uart_handler.o (__tablejump2__)
c:/program files/atmel/atmel toolchain/avr8 gcc/native/3.4.1056/avr8-gnu-toolchain/bin/../lib/gcc/avr/4.8.1/avr5\libgcc.a(_copy_data.o)
                              Hal.o (__do_copy_data)
c:/program files/atmel/atmel toolchain/avr8 gcc/native/3.4.1056/avr8-gnu-toolchain/bin/../lib/gcc/avr/4.8.1/avr5\libgcc.a(_clear_bss.o)
                              Geocalc.o (__do_clear_bss)
c:/program files/atmel/atmel toolchain/avr8 gcc/native/3.4.1056/avr8-gnu-toolchain/bin/../lib/gcc/avr/4.8.1/avr5\libgcc.a(_umulhisi3.o)
                              Hal.o (__umulhisi3)
c:/program files/atmel/atmel toolchain/avr8 gcc/native/3.4.1056/avr8-gnu-toolchain/bin/../lib/gcc/avr/4.8.1/avr5\libgcc.a(_prologue.o)
                              c:/program files/atmel/atmel toolchain/avr8 gcc/native/3.4.1056/avr8-gnu-toolchain/bin/../lib/gcc/avr/4.8.1/../../../../avr/lib/avr5\libprintf_flt.a(vfprintf_flt.o) (__prologue_saves__)
c:/program files/atmel/atmel toolchain/avr8 gcc/native/3.4.1056/avr8-gnu-toolchain/bin/../lib/gcc/avr/4.8.1/avr5\libgcc.a(_epilogue.o)
                              c:/program files/atmel/atmel toolchain/avr8 gcc/native/3.4.1056/avr8-gnu-toolchain/bin/../lib/gcc/avr/4.8.1/../../../../avr/lib/avr5\libprintf_flt.a(vfprintf_flt.o) (__epilogue_restores__)
c:/program files/atmel/atmel toolchain/avr8 gcc/native/3.4.1056/avr8-gnu-toolchain/bin/../lib/gcc/avr/4.8.1/avr5\libgcc.a(_udivmodhi4.o)
                              c:/program files/atmel/atmel toolchain/avr8 gcc/native/3.4.1056/avr8-gnu-toolchain/bin/../lib/gcc/avr/4.8.1/avr5\libgcc.a(_divmodhi4.o) (__udivmodhi4)
c:/program files/atmel/atmel toolchain/avr8 gcc/native/3.4.1056/avr8-gnu-toolchain/bin/../lib/gcc/avr/4.8.1/../../../../avr/lib/avr5\libm.a(addsf3.o)
                              Geocalc.o (__subsf3)
c:/program files/atmel/atmel toolchain/avr8 gcc/native/3.4.1056/avr8-gnu-toolchain/bin/../lib/gcc/avr/4.8.1/../../../../avr/lib/avr5\libm.a(addsf3x.o)
                              c:/program files/atmel/atmel toolchain/avr8 gcc/native/3.4.1056/avr8-gnu-toolchain/bin/../lib/gcc/avr/4.8.1/../../../../avr/lib/avr5\libm.a(addsf3.o) (__addsf3x)
c:/program files/atmel/atmel toolchain/avr8 gcc/native/3.4.1056/avr8-gnu-toolchain/bin/../lib/gcc/avr/4.8.1/../../../../avr/lib/avr5\libm.a(atan2.o)
                              Geocalc.o (atan2)
c:/program files/atmel/atmel toolchain/avr8 gcc/native/3.4.1056/avr8-gnu-toolchain/bin/../lib/gcc/avr/4.8.1/../../../../avr/lib/avr5\libm.a(atan.o)
                              c:/program files/atmel/atmel toolchain/avr8 gcc/native/3.4.1056/avr8-gnu-toolchain/bin/../lib/gcc/avr/4.8.1/../../../../avr/lib/avr5\libm.a(atan2.o) (atan)
c:/program files/atmel/atmel toolchain/avr8 gcc/native/3.4.1056/avr8-gnu-toolchain/bin/../lib/gcc/avr/4.8.1/../../../../avr/lib/avr5\libm.a(cmpsf2.o)
                              uart_handler.o (__nesf2)
c:/program files/atmel/atmel toolchain/avr8 gcc/native/3.4.1056/avr8-gnu-toolchain/bin/../lib/gcc/avr/4.8.1/../../../../avr/lib/avr5\libm.a(cos.o)
                              Geocalc.o (cos)
c:/program files/atmel/atmel toolchain/avr8 gcc/native/3.4.1056/avr8-gnu-toolchain/bin/../lib/gcc/avr/4.8.1/../../../../avr/lib/avr5\libm.a(divsf3.o)
                              Geocalc.o (__divsf3)
c:/program files/atmel/atmel toolchain/avr8 gcc/native/3.4.1056/avr8-gnu-toolchain/bin/../lib/gcc/avr/4.8.1/../../../../avr/lib/avr5\libm.a(divsf3x.o)
                              c:/program files/atmel/atmel toolchain/avr8 gcc/native/3.4.1056/avr8-gnu-toolchain/bin/../lib/gcc/avr/4.8.1/../../../../avr/lib/avr5\libm.a(divsf3.o) (__divsf3x)
c:/program files/atmel/atmel toolchain/avr8 gcc/native/3.4.1056/avr8-gnu-toolchain/bin/../lib/gcc/avr/4.8.1/../../../../avr/lib/avr5\libm.a(fixsfsi.o)
                              Geocalc.o (__fixsfsi)
c:/program files/atmel/atmel toolchain/avr8 gcc/native/3.4.1056/avr8-gnu-toolchain/bin/../lib/gcc/avr/4.8.1/../../../../avr/lib/avr5\libm.a(fixunssfsi.o)
                              Geocalc.o (__fixunssfsi)
[...]
Memory Configuration

Name             Origin             Length             Attributes
text             0x00000000         0x00020000         xr
data             0x00800060         0x0000ffa0         rw !x
eeprom           0x00810000         0x00010000         rw !x
fuse             0x00820000         0x00000400         rw !x
lock             0x00830000         0x00000400         rw !x
signature        0x00840000         0x00000400         rw !x
user_signatures  0x00850000         0x00000400         rw !x
*default*        0x00000000         0xffffffff

Linker script and memory map

Address of section .data set to 0x800100
LOAD c:/program files/atmel/atmel toolchain/avr8 gcc/native/3.4.1056/avr8-gnu-toolchain/bin/../lib/gcc/avr/4.8.1/../../../../avr/lib/avr5/crtm328p.o
LOAD Geocalc.o
LOAD Hal.o
LOAD LSM303_simple.o
LOAD twimaster.o
LOAD uart_handler.o
LOAD ui.o
LOAD hmc5883l.o
LOAD light_ws2812.o
LOAD Main.o
LOAD uart.o
LOAD vector.o
START GROUP
END GROUP
LOAD c:/program files/atmel/atmel toolchain/avr8 gcc/native/3.4.1056/avr8-gnu-toolchain/bin/../lib/gcc/avr/4.8.1/../../../../avr/lib/avr5\libprintf_flt.a
START GROUP
LOAD c:/program files/atmel/atmel toolchain/avr8 gcc/native/3.4.1056/avr8-gnu-toolchain/bin/../lib/gcc/avr/4.8.1/avr5\libgcc.a
LOAD c:/program files/atmel/atmel toolchain/avr8 gcc/native/3.4.1056/avr8-gnu-toolchain/bin/../lib/gcc/avr/4.8.1/../../../../avr/lib/avr5\libm.a
LOAD c:/program files/atmel/atmel toolchain/avr8 gcc/native/3.4.1056/avr8-gnu-toolchain/bin/../lib/gcc/avr/4.8.1/../../../../avr/lib/avr5\libc.a
END GROUP

.hash
 *(.hash)

.dynsym
 *(.dynsym)

.dynstr
 *(.dynstr)

.gnu.version
 *(.gnu.version)

.gnu.version_d
 *(.gnu.version_d)

.gnu.version_r
 *(.gnu.version_r)

.rel.init
 *(.rel.init)

.rela.init
 *(.rela.init)

.rel.text
 *(.rel.text)
 *(.rel.text.*)
 *(.rel.gnu.linkonce.t*)

.rela.text
 *(.rela.text)
 *(.rela.text.*)
 *(.rela.gnu.linkonce.t*)

.rel.fini
 *(.rel.fini)

.rela.fini
 *(.rela.fini)

.rel.rodata
 *(.rel.rodata)
 *(.rel.rodata.*)
 *(.rel.gnu.linkonce.r*)

.rela.rodata
 *(.rela.rodata)
 *(.rela.rodata.*)
 *(.rela.gnu.linkonce.r*)

.rel.data
 *(.rel.data)
 *(.rel.data.*)
 *(.rel.gnu.linkonce.d*)

.rela.data
 *(.rela.data)
 *(.rela.data.*)
 *(.rela.gnu.linkonce.d*)

.rel.ctors
 *(.rel.ctors)

.rela.ctors
 *(.rela.ctors)

.rel.dtors
 *(.rel.dtors)

.rela.dtors
 *(.rela.dtors)

.rel.got
 *(.rel.got)

.rela.got
 *(.rela.got)

.rel.bss
 *(.rel.bss)

.rela.bss
 *(.rela.bss)

.rel.plt
 *(.rel.plt)

.rela.plt
 *(.rela.plt)

.text           0x00000000     0x4c6a
 *(.vectors)
 .vectors       0x00000000       0x68 c:/program files/atmel/atmel toolchain/avr8 gcc/native/3.4.1056/avr8-gnu-toolchain/bin/../lib/gcc/avr/4.8.1/../../../../avr/lib/avr5/crtm328p.o
                0x00000000                __vector_default
                0x00000000                __vectors
 *(.vectors)
 *(.progmem.gcc*)
 .progmem.gcc_sw_table.process_command
                0x00000068       0x6e uart_handler.o
 .progmem.gcc_sw_table.setNavigationColorNext
                0x000000d6       0x10 ui.o
 .progmem.gcc_sw_table.refreshDisplay
                0x000000e6       0x10 ui.o
 .progmem.gcc_fplib
                0x000000f6       0x2d c:/program files/atmel/atmel toolchain/avr8 gcc/native/3.4.1056/avr8-gnu-toolchain/bin/../lib/gcc/avr/4.8.1/../../../../avr/lib/avr5\libm.a(atan.o)
 .progmem.gcc_fplib
                0x00000123       0x1e c:/program files/atmel/atmel toolchain/avr8 gcc/native/3.4.1056/avr8-gnu-toolchain/bin/../lib/gcc/avr/4.8.1/../../../../avr/lib/avr5\libm.a(fp_sinus.o)
                0x00000142                . = ALIGN (0x2)
 *fill*         0x00000141        0x1 
                0x00000142                __trampolines_start = .
 *(.trampolines)
 .trampolines   0x00000142        0x0 linker stubs
 *(.trampolines*)
                0x00000142                __trampolines_end = .
 *(.progmem*)
 .progmem.data.__c.2598
                0x00000142       0x16 uart_handler.o
 .progmem.data.__c.2590
                0x00000158       0x25 uart_handler.o
 .progmem.data.__c.2587
                0x0000017d       0x1f uart_handler.o
 .progmem.data.__c.2584
                0x0000019c       0x10 uart_handler.o
 .progmem.data.__c.2581
                0x000001ac       0x11 uart_handler.o
 .progmem.data.__c.2578
                0x000001bd       0x13 uart_handler.o
 .progmem.data.__c.2575
                0x000001d0       0x26 uart_handler.o
 .progmem.data.__c.2571
                0x000001f6       0x15 uart_handler.o
 .progmem.data.__c.2568
                0x0000020b       0x10 uart_handler.o
 .progmem.data.__c.2566
                0x0000021b       0x11 uart_handler.o
 .progmem.data.__c.2563
                0x0000022c       0x14 uart_handler.o
 .progmem.data  0x00000240        0x8 c:/program files/atmel/atmel toolchain/avr8 gcc/native/3.4.1056/avr8-gnu-toolchain/bin/../lib/gcc/avr/4.8.1/../../../../avr/lib/avr5\libprintf_flt.a(vfprintf_flt.o)
 .progmem.data  0x00000248       0xfa c:/program files/atmel/atmel toolchain/avr8 gcc/native/3.4.1056/avr8-gnu-toolchain/bin/../lib/gcc/avr/4.8.1/../../../../avr/lib/avr5\libc.a(ftoa_engine.o)
 .progmem.data  0x00000342       0x3b c:/program files/atmel/atmel toolchain/avr8 gcc/native/3.4.1056/avr8-gnu-toolchain/bin/../lib/gcc/avr/4.8.1/../../../../avr/lib/avr5\libc.a(strtod.o)
                0x0000037e                . = ALIGN (0x2)
 *fill*         0x0000037d        0x1 
 *(.jumptables)
 *(.jumptables*)
 *(.lowtext)
 *(.lowtext*)
                0x0000037e                __ctors_start = .
 *(.ctors)
                0x0000037e                __ctors_end = .
                0x0000037e                __dtors_start = .
 *(.dtors)
                0x0000037e                __dtors_end = .
 SORT(*)(.ctors)
 SORT(*)(.dtors)
 *(.init0)
 .init0         0x0000037e        0x0 c:/program files/atmel/atmel toolchain/avr8 gcc/native/3.4.1056/avr8-gnu-toolchain/bin/../lib/gcc/avr/4.8.1/../../../../avr/lib/avr5/crtm328p.o
                0x0000037e                __init
 *(.init0)
 *(.init1)
 *(.init1)
 *(.init2)
 .init2         0x0000037e        0xc c:/program files/atmel/atmel toolchain/avr8 gcc/native/3.4.1056/avr8-gnu-toolchain/bin/../lib/gcc/avr/4.8.1/../../../../avr/lib/avr5/crtm328p.o
 *(.init2)
 *(.init3)
 *(.init3)
 *(.init4)
 .init4         0x0000038a       0x16 c:/program files/atmel/atmel toolchain/avr8 gcc/native/3.4.1056/avr8-gnu-toolchain/bin/../lib/gcc/avr/4.8.1/avr5\libgcc.a(_copy_data.o)
                0x0000038a                __do_copy_data
 .init4         0x000003a0       0x10 c:/program files/atmel/atmel toolchain/avr8 gcc/native/3.4.1056/avr8-gnu-toolchain/bin/../lib/gcc/avr/4.8.1/avr5\libgcc.a(_clear_bss.o)
                0x000003a0                __do_clear_bss
 *(.init4)
 *(.init5)
 *(.init5)
 *(.init6)
 *(.init6)
 *(.init7)
 *(.init7)
 *(.init8)
 *(.init8)
 *(.init9)
 .init9         0x000003b0        0x8 c:/program files/atmel/atmel toolchain/avr8 gcc/native/3.4.1056/avr8-gnu-toolchain/bin/../lib/gcc/avr/4.8.1/../../../../avr/lib/avr5/crtm328p.o
 *(.init9)
 *(.text)
 .text          0x000003b8        0x4 c:/program files/atmel/atmel toolchain/avr8 gcc/native/3.4.1056/avr8-gnu-toolchain/bin/../lib/gcc/avr/4.8.1/../../../../avr/lib/avr5/crtm328p.o
                0x000003b8                __vector_22
                0x000003b8                __vector_1
                0x000003b8                __vector_24
                0x000003b8                __vector_12
                0x000003b8                __bad_interrupt
                0x000003b8                __vector_6
                0x000003b8                __vector_3
                0x000003b8                __vector_23
                0x000003b8                __vector_25
                0x000003b8                __vector_11
                0x000003b8                __vector_13
                0x000003b8                __vector_17
                0x000003b8                __vector_7
                0x000003b8                __vector_5
                0x000003b8                __vector_4
                0x000003b8                __vector_9
                0x000003b8                __vector_2
                0x000003b8                __vector_21
                0x000003b8                __vector_15
                0x000003b8                __vector_8
                0x000003b8                __vector_10
                0x000003b8                __vector_16
                0x000003b8                __vector_20
                0x000003bc                . = ALIGN (0x2)
 *(.text.*)
 .text.calculate_bearing
                0x000003bc      0x204 Geocalc.o
                0x000003bc                calculate_bearing
 .text.calculate_distance
                0x000005c0      0x1de Geocalc.o
                0x000005c0                calculate_distance
 .text.control_power
                0x0000079e        0xe Hal.o
                0x0000079e                control_power
 .text.read_button
                0x000007ac       0x34 Hal.o
                0x000007ac                read_button
 .text.read_charge_status
                0x000007e0       0x34 Hal.o
                0x000007e0                read_charge_status
 .text.check_device_status
                0x00000814       0xc8 Hal.o
                0x00000814                check_device_status
 .text.read_battery
                0x000008dc       0x82 Hal.o
                0x000008dc                read_battery
 .text.init_bluetooth
                0x0000095e       0x56 Hal.o
                0x0000095e                init_bluetooth
 .text.read_data_raw
                0x000009b4      0x15c LSM303_simple.o
                0x000009b4                read_data_raw
 .text.read_data
                0x00000b10      0x15c LSM303_simple.o
                0x00000b10                read_data
 .text.get_heading
                0x00000c6c       0xca LSM303_simple.o
                0x00000c6c                get_heading
 .text.get_heading_avg
                0x00000d36      0x252 LSM303_simple.o
                0x00000d36                get_heading_avg
 .text.calibrate_lsm303
                0x00000f88      0x236 LSM303_simple.o
                0x00000f88                calibrate_lsm303
 .text.print_calibration_lsm303
                0x000011be       0x8e LSM303_simple.o
                0x000011be                print_calibration_lsm303
 .text.writeAccReg
                0x0000124c       0x24 LSM303_simple.o
                0x0000124c                writeAccReg
 .text.writeMagReg
                0x00001270       0x24 LSM303_simple.o
                0x00001270                writeMagReg
 .text.init_lsm303
                0x00001294       0x2e LSM303_simple.o
                0x00001294                init_lsm303
 .text.get_temp
                0x000012c2       0x52 LSM303_simple.o
                0x000012c2                get_temp
 .text.i2c_init
                0x00001314        0xc twimaster.o
                0x00001314                i2c_init
 .text.i2c_start
                0x00001320       0x4e twimaster.o
                0x00001320                i2c_start
 .text.i2c_stop
                0x0000136e       0x12 twimaster.o
                0x0000136e                i2c_stop
 .text.i2c_write
                0x00001380       0x24 twimaster.o
                0x00001380                i2c_write
 .text.i2c_readAck
                0x000013a4       0x16 twimaster.o
                0x000013a4                i2c_readAck
 .text.i2c_readNak
                0x000013ba       0x16 twimaster.o
                0x000013ba                i2c_readNak
 .text.readCommand
                0x000013d0       0x9e uart_handler.o
                0x000013d0                readCommand
 .text.print_int
                0x0000146e       0x4c uart_handler.o
                0x0000146e                print_int
 .text.print_float
                0x000014ba       0x54 uart_handler.o
                0x000014ba                print_float
 .text.print_value
                0x0000150e       0x54 uart_handler.o
                0x0000150e                print_value
 .text.read_int_value
                0x00001562       0x52 uart_handler.o
                0x00001562                read_int_value
 .text.receive_gps
                0x000015b4      0x310 uart_handler.o
                0x000015b4                receive_gps
 .text.process_command
                0x000018c4      0x588 uart_handler.o
                0x000018c4                process_command
 .text.get_serial
                0x00001e4c       0x96 uart_handler.o
                0x00001e4c                get_serial
 .text.clearBuffer
                0x00001ee2       0x10 ui.o
                0x00001ee2                clearBuffer
 .text.delay    0x00001ef2       0x20 ui.o
                0x00001ef2                delay
 .text.setPixelColor
                0x00001f12       0x52 ui.o
                0x00001f12                setPixelColor
 .text.writeFrame
                0x00001f64       0xc4 ui.o
                0x00001f64                writeFrame
 .text.Color    0x00002028       0x1e ui.o
                0x00002028                Color
 .text.setBrightness
                0x00002046        0x8 ui.o
                0x00002046                setBrightness
 .text.getBrightness
                0x0000204e        0x6 ui.o
                0x0000204e                getBrightness
 .text.setNavigationColorNext
                0x00002054      0x17a ui.o
                0x00002054                setNavigationColorNext
 .text.clearLeds
                0x000021ce       0x26 ui.o
                0x000021ce                clearLeds
 .text.setUIMode
                0x000021f4       0x14 ui.o
                0x000021f4                setUIMode
 .text.setUIModeNext
                0x00002208       0x2a ui.o
                0x00002208                setUIModeNext
 .text.getUIMode
                0x00002232        0x6 ui.o
                0x00002232                getUIMode
 .text.setLedPercentage
                0x00002238       0x9e ui.o
                0x00002238                setLedPercentage
 .text.refreshDisplay
                0x000022d6      0x610 ui.o
                0x000022d6                refreshDisplay
 .text.buzzer   0x000028e6       0x5e ui.o
                0x000028e6                buzzer
 .text.ws2812_setleds
                0x00002944       0x4c light_ws2812.o
                0x00002944                ws2812_setleds
 .text.__vector_14
                0x00002990       0x34 Main.o
                0x00002990                __vector_14
 .text.init_io  0x000029c4       0x12 Main.o
                0x000029c4                init_io
 .text.init_int
                0x000029d6       0x1e Main.o
                0x000029d6                init_int
 .text.init_adc
                0x000029f4       0x1c Main.o
                0x000029f4                init_adc
 .text.read_adc
                0x00002a10       0x28 Main.o
                0x00002a10                read_adc
 .text.do_button_action
                0x00002a38       0xe0 Main.o
                0x00002a38                do_button_action
 .text.filtered_compass_reading
                0x00002b18       0xc4 Main.o
                0x00002b18                filtered_compass_reading
 .text.load_eeprom_settings
                0x00002bdc       0x4a Main.o
                0x00002bdc                load_eeprom_settings
 .text.reset_factory_settings
                0x00002c26       0x7e Main.o
                0x00002c26                reset_factory_settings
 .text.main     0x00002ca4      0x1a0 Main.o
                0x00002ca4                main
 .text.__vector_18
                0x00002e44       0x5c uart.o
                0x00002e44                __vector_18
 .text.__vector_19
                0x00002ea0       0x54 uart.o
                0x00002ea0                __vector_19
 .text.uart_init
                0x00002ef4       0x32 uart.o
                0x00002ef4                uart_init
 .text.uart_getc
                0x00002f26       0x32 uart.o
                0x00002f26                uart_getc
 .text.uart_putc
                0x00002f58       0x2a uart.o
                0x00002f58                uart_putc
 .text.uart_puts
                0x00002f82       0x1e uart.o
                0x00002f82                uart_puts
 .text.uart_puts_p
                0x00002fa0       0x24 uart.o
                0x00002fa0                uart_puts_p
 .text.vector_cross
                0x00002fc4      0x102 vector.o
                0x00002fc4                vector_cross
 .text.vector_dot
                0x000030c6       0x88 vector.o
                0x000030c6                vector_dot
 .text.vector_normalize
                0x0000314e       0x72 vector.o
                0x0000314e                vector_normalize
 .text.avr-libc
                0x000031c0      0x6f6 c:/program files/atmel/atmel toolchain/avr8 gcc/native/3.4.1056/avr8-gnu-toolchain/bin/../lib/gcc/avr/4.8.1/../../../../avr/lib/avr5\libprintf_flt.a(vfprintf_flt.o)
                0x000031c0                vfprintf
 .text.libgcc   0x000038b6        0xc c:/program files/atmel/atmel toolchain/avr8 gcc/native/3.4.1056/avr8-gnu-toolchain/bin/../lib/gcc/avr/4.8.1/avr5\libgcc.a(_tablejump.o)
                0x000038b6                __tablejump2__
                0x000038ba                __tablejump__
 .text.libgcc.mul
                0x000038c2       0x1e c:/program files/atmel/atmel toolchain/avr8 gcc/native/3.4.1056/avr8-gnu-toolchain/bin/../lib/gcc/avr/4.8.1/avr5\libgcc.a(_umulhisi3.o)
                0x000038c2                __umulhisi3
 .text.libgcc.prologue
                0x000038e0       0x38 c:/program files/atmel/atmel toolchain/avr8 gcc/native/3.4.1056/avr8-gnu-toolchain/bin/../lib/gcc/avr/4.8.1/avr5\libgcc.a(_prologue.o)
                0x000038e0                __prologue_saves__
 .text.libgcc.prologue
                0x00003918       0x36 c:/program files/atmel/atmel toolchain/avr8 gcc/native/3.4.1056/avr8-gnu-toolchain/bin/../lib/gcc/avr/4.8.1/avr5\libgcc.a(_epilogue.o)
                0x00003918                __epilogue_restores__
 .text.avr-libc.fplib
                0x0000394e        0xa c:/program files/atmel/atmel toolchain/avr8 gcc/native/3.4.1056/avr8-gnu-toolchain/bin/../lib/gcc/avr/4.8.1/../../../../avr/lib/avr5\libm.a(addsf3.o)
                0x0000394e                __subsf3
                0x00003950                __addsf3
 .text.avr-libc.fplib
                0x00003958       0xc0 c:/program files/atmel/atmel toolchain/avr8 gcc/native/3.4.1056/avr8-gnu-toolchain/bin/../lib/gcc/avr/4.8.1/../../../../avr/lib/avr5\libm.a(addsf3x.o)
                0x00003972                __addsf3x
 .text.avr-libc.fplib
                0x00003a18       0x74 c:/program files/atmel/atmel toolchain/avr8 gcc/native/3.4.1056/avr8-gnu-toolchain/bin/../lib/gcc/avr/4.8.1/../../../../avr/lib/avr5\libm.a(atan2.o)
                0x00003a36                atan2
 .text.avr-libc.fplib
                0x00003a8c       0x50 c:/program files/atmel/atmel toolchain/avr8 gcc/native/3.4.1056/avr8-gnu-toolchain/bin/../lib/gcc/avr/4.8.1/../../../../avr/lib/avr5\libm.a(atan.o)
                0x00003a8c                atan
 .text.avr-libc.fplib
                0x00003adc        0x8 c:/program files/atmel/atmel toolchain/avr8 gcc/native/3.4.1056/avr8-gnu-toolchain/bin/../lib/gcc/avr/4.8.1/../../../../avr/lib/avr5\libm.a(cmpsf2.o)
                0x00003adc                __nesf2
                0x00003adc                __eqsf2
                0x00003adc                __cmpsf2
                0x00003adc                __ltsf2
                0x00003adc                __lesf2
 .text.avr-libc.fplib
                0x00003ae4        0x6 c:/program files/atmel/atmel toolchain/avr8 gcc/native/3.4.1056/avr8-gnu-toolchain/bin/../lib/gcc/avr/4.8.1/../../../../avr/lib/avr5\libm.a(cos.o)
                0x00003ae4                cos
 .text.avr-libc.fplib
                0x00003aea        0x4 c:/program files/atmel/atmel toolchain/avr8 gcc/native/3.4.1056/avr8-gnu-toolchain/bin/../lib/gcc/avr/4.8.1/../../../../avr/lib/avr5\libm.a(divsf3.o)
                0x00003aea                __divsf3
 .text.avr-libc.fplib
                0x00003aee       0xcc c:/program files/atmel/atmel toolchain/avr8 gcc/native/3.4.1056/avr8-gnu-toolchain/bin/../lib/gcc/avr/4.8.1/../../../../avr/lib/avr5\libm.a(divsf3x.o)
                0x00003b04                __divsf3x
                0x00003b08                __divsf3_pse
 .text.avr-libc.fplib
                0x00003bba        0xa c:/program files/atmel/atmel toolchain/avr8 gcc/native/3.4.1056/avr8-gnu-toolchain/bin/../lib/gcc/avr/4.8.1/../../../../avr/lib/avr5\libm.a(fixsfsi.o)
                0x00003bba                __fixsfsi
 .text.avr-libc.fplib
                0x00003bc4       0x58 c:/program files/atmel/atmel toolchain/avr8 gcc/native/3.4.1056/avr8-gnu-toolchain/bin/../lib/gcc/avr/4.8.1/../../../../avr/lib/avr5\libm.a(fixunssfsi.o)
                0x00003bc4                __fixunssfsi
 .text.avr-libc.fplib
                0x00003c1c       0x7a c:/program files/atmel/atmel toolchain/avr8 gcc/native/3.4.1056/avr8-gnu-toolchain/bin/../lib/gcc/avr/4.8.1/../../../../avr/lib/avr5\libm.a(floatsisf.o)
                0x00003c1c                __floatunsisf
                0x00003c20                __floatsisf
 .text.avr-libc.fplib
                0x00003c96       0x9c c:/program files/atmel/atmel toolchain/avr8 gcc/native/3.4.1056/avr8-gnu-toolchain/bin/../lib/gcc/avr/4.8.1/../../../../avr/lib/avr5\libm.a(fmod.o)
                0x00003ca4                fmod
 .text.avr-libc.fplib
                0x00003d32       0x48 c:/program files/atmel/atmel toolchain/avr8 gcc/native/3.4.1056/avr8-gnu-toolchain/bin/../lib/gcc/avr/4.8.1/../../../../avr/lib/avr5\libm.a(fp_cmp.o)
                0x00003d32                __fp_cmp
 .text.avr-libc.fplib
                0x00003d7a        0xc c:/program files/atmel/atmel toolchain/avr8 gcc/native/3.4.1056/avr8-gnu-toolchain/bin/../lib/gcc/avr/4.8.1/../../../../avr/lib/avr5\libm.a(fp_inf.o)
                0x00003d7a                __fp_inf
 .text.avr-libc.fplib
                0x00003d86       0x1c c:/program files/atmel/atmel toolchain/avr8 gcc/native/3.4.1056/avr8-gnu-toolchain/bin/../lib/gcc/avr/4.8.1/../../../../avr/lib/avr5\libm.a(fp_mpack.o)
                0x00003d86                __fp_mpack
                0x00003d8a                __fp_mpack_finite
 .text.avr-libc.fplib
                0x00003da2        0x6 c:/program files/atmel/atmel toolchain/avr8 gcc/native/3.4.1056/avr8-gnu-toolchain/bin/../lib/gcc/avr/4.8.1/../../../../avr/lib/avr5\libm.a(fp_nan.o)
                0x00003da2                __fp_nan
 .text.avr-libc.fplib
                0x00003da8       0x4a c:/program files/atmel/atmel toolchain/avr8 gcc/native/3.4.1056/avr8-gnu-toolchain/bin/../lib/gcc/avr/4.8.1/../../../../avr/lib/avr5\libm.a(fp_powser.o)
                0x00003da8                __fp_powser
 .text.avr-libc.fplib
                0x00003df2        0xe c:/program files/atmel/atmel toolchain/avr8 gcc/native/3.4.1056/avr8-gnu-toolchain/bin/../lib/gcc/avr/4.8.1/../../../../avr/lib/avr5\libm.a(fp_pscA.o)
                0x00003df2                __fp_pscA
 .text.avr-libc.fplib
                0x00003e00        0xe c:/program files/atmel/atmel toolchain/avr8 gcc/native/3.4.1056/avr8-gnu-toolchain/bin/../lib/gcc/avr/4.8.1/../../../../avr/lib/avr5\libm.a(fp_pscB.o)
                0x00003e00                __fp_pscB
 .text.avr-libc.fplib
                0x00003e0e       0x50 c:/program files/atmel/atmel toolchain/avr8 gcc/native/3.4.1056/avr8-gnu-toolchain/bin/../lib/gcc/avr/4.8.1/../../../../avr/lib/avr5\libm.a(fp_rempio2.o)
                0x00003e10                __fp_rempio2
 .text.avr-libc.fplib
                0x00003e5e       0x22 c:/program files/atmel/atmel toolchain/avr8 gcc/native/3.4.1056/avr8-gnu-toolchain/bin/../lib/gcc/avr/4.8.1/../../../../avr/lib/avr5\libm.a(fp_round.o)
                0x00003e5e                __fp_round
 .text.avr-libc.fplib
                0x00003e80       0x22 c:/program files/atmel/atmel toolchain/avr8 gcc/native/3.4.1056/avr8-gnu-toolchain/bin/../lib/gcc/avr/4.8.1/../../../../avr/lib/avr5\libm.a(fp_sinus.o)
                0x00003e80                __fp_sinus
 .text.avr-libc.fplib
                0x00003ea2       0x44 c:/program files/atmel/atmel toolchain/avr8 gcc/native/3.4.1056/avr8-gnu-toolchain/bin/../lib/gcc/avr/4.8.1/../../../../avr/lib/avr5\libm.a(fp_split3.o)
                0x00003ea2                __fp_split3
                0x00003eb2                __fp_splitA
 .text.avr-libc.fplib
                0x00003ee6        0xe c:/program files/atmel/atmel toolchain/avr8 gcc/native/3.4.1056/avr8-gnu-toolchain/bin/../lib/gcc/avr/4.8.1/../../../../avr/lib/avr5\libm.a(fp_zero.o)
                0x00003ee6                __fp_zero
                0x00003ee8                __fp_szero
 .text.avr-libc.fplib
                0x00003ef4        0x8 c:/program files/atmel/atmel toolchain/avr8 gcc/native/3.4.1056/avr8-gnu-toolchain/bin/../lib/gcc/avr/4.8.1/../../../../avr/lib/avr5\libm.a(gesf2.o)
                0x00003ef4                __gesf2
                0x00003ef4                __gtsf2
 .text.avr-libc.fplib
                0x00003efc        0xe c:/program files/atmel/atmel toolchain/avr8 gcc/native/3.4.1056/avr8-gnu-toolchain/bin/../lib/gcc/avr/4.8.1/../../../../avr/lib/avr5\libm.a(inverse.o)
                0x00003efc                inverse
 .text.avr-libc.fplib
                0x00003f0a        0x4 c:/program files/atmel/atmel toolchain/avr8 gcc/native/3.4.1056/avr8-gnu-toolchain/bin/../lib/gcc/avr/4.8.1/../../../../avr/lib/avr5\libm.a(mulsf3.o)
                0x00003f0a                __mulsf3
 .text.avr-libc.fplib
                0x00003f0e       0xc2 c:/program files/atmel/atmel toolchain/avr8 gcc/native/3.4.1056/avr8-gnu-toolchain/bin/../lib/gcc/avr/4.8.1/../../../../avr/lib/avr5\libm.a(mulsf3x.o)
                0x00003f22                __mulsf3x
                0x00003f26                __mulsf3_pse
 .text.avr-libc.fplib
                0x00003fd0       0x40 c:/program files/atmel/atmel toolchain/avr8 gcc/native/3.4.1056/avr8-gnu-toolchain/bin/../lib/gcc/avr/4.8.1/../../../../avr/lib/avr5\libm.a(round.o)
                0x00003fd0                round
 .text.avr-libc.fplib
                0x00004010        0xc c:/program files/atmel/atmel toolchain/avr8 gcc/native/3.4.1056/avr8-gnu-toolchain/bin/../lib/gcc/avr/4.8.1/../../../../avr/lib/avr5\libm.a(sin.o)
                0x00004010                sin
 .text.avr-libc.fplib
                0x0000401c       0x84 c:/program files/atmel/atmel toolchain/avr8 gcc/native/3.4.1056/avr8-gnu-toolchain/bin/../lib/gcc/avr/4.8.1/../../../../avr/lib/avr5\libm.a(sqrt.o)
                0x00004024                sqrt
 .text.avr-libc.fplib
                0x000040a0        0x6 c:/program files/atmel/atmel toolchain/avr8 gcc/native/3.4.1056/avr8-gnu-toolchain/bin/../lib/gcc/avr/4.8.1/../../../../avr/lib/avr5\libm.a(square.o)
                0x000040a0                square
 .text.avr-libc.fplib
                0x000040a6       0x36 c:/program files/atmel/atmel toolchain/avr8 gcc/native/3.4.1056/avr8-gnu-toolchain/bin/../lib/gcc/avr/4.8.1/../../../../avr/lib/avr5\libm.a(fp_mintl.o)
                0x000040a6                __fp_mintl
 .text.avr-libc.fplib
                0x000040dc        0xe c:/program files/atmel/atmel toolchain/avr8 gcc/native/3.4.1056/avr8-gnu-toolchain/bin/../lib/gcc/avr/4.8.1/../../../../avr/lib/avr5\libm.a(fp_norm2.o)
                0x000040dc                __fp_norm2
 .text.avr-libc.fplib
                0x000040ea       0x22 c:/program files/atmel/atmel toolchain/avr8 gcc/native/3.4.1056/avr8-gnu-toolchain/bin/../lib/gcc/avr/4.8.1/../../../../avr/lib/avr5\libm.a(fp_powsodd.o)
                0x000040ea                __fp_powsodd
 .text.avr-libc
                0x0000410c       0x42 c:/program files/atmel/atmel toolchain/avr8 gcc/native/3.4.1056/avr8-gnu-toolchain/bin/../lib/gcc/avr/4.8.1/../../../../avr/lib/avr5\libc.a(dtostrf.o)
                0x0000410c                dtostrf
 .text.avr-libc
                0x0000414e        0x8 c:/program files/atmel/atmel toolchain/avr8 gcc/native/3.4.1056/avr8-gnu-toolchain/bin/../lib/gcc/avr/4.8.1/../../../../avr/lib/avr5\libc.a(atof.o)
                0x0000414e                atof
 .text.avr-libc
                0x00004156       0x3c c:/program files/atmel/atmel toolchain/avr8 gcc/native/3.4.1056/avr8-gnu-toolchain/bin/../lib/gcc/avr/4.8.1/../../../../avr/lib/avr5\libc.a(atoi.o)
                0x00004156                atoi
 .text.avr-libc
                0x00004192      0x1b0 c:/program files/atmel/atmel toolchain/avr8 gcc/native/3.4.1056/avr8-gnu-toolchain/bin/../lib/gcc/avr/4.8.1/../../../../avr/lib/avr5\libc.a(ftoa_engine.o)
                0x00004192                __ftoa_engine
 .text.avr-libc
                0x00004342       0x16 c:/program files/atmel/atmel toolchain/avr8 gcc/native/3.4.1056/avr8-gnu-toolchain/bin/../lib/gcc/avr/4.8.1/../../../../avr/lib/avr5\libc.a(strnlen_P.o)
                0x00004342                strnlen_P
 .text.avr-libc
                0x00004358        0xa c:/program files/atmel/atmel toolchain/avr8 gcc/native/3.4.1056/avr8-gnu-toolchain/bin/../lib/gcc/avr/4.8.1/../../../../avr/lib/avr5\libc.a(strtok.o)
                0x00004358                strtok
 .text.avr-libc
                0x00004362       0x16 c:/program files/atmel/atmel toolchain/avr8 gcc/native/3.4.1056/avr8-gnu-toolchain/bin/../lib/gcc/avr/4.8.1/../../../../avr/lib/avr5\libc.a(strchr.o)
                0x00004362                strchr
 .text.avr-libc
                0x00004378        0xe c:/program files/atmel/atmel toolchain/avr8 gcc/native/3.4.1056/avr8-gnu-toolchain/bin/../lib/gcc/avr/4.8.1/../../../../avr/lib/avr5\libc.a(strcpy.o)
                0x00004378                strcpy
 .text.avr-libc
                0x00004386       0x16 c:/program files/atmel/atmel toolchain/avr8 gcc/native/3.4.1056/avr8-gnu-toolchain/bin/../lib/gcc/avr/4.8.1/../../../../avr/lib/avr5\libc.a(strnlen.o)
                0x00004386                strnlen
 .text.avr-libc
                0x0000439c       0x4e c:/program files/atmel/atmel toolchain/avr8 gcc/native/3.4.1056/avr8-gnu-toolchain/bin/../lib/gcc/avr/4.8.1/../../../../avr/lib/avr5\libc.a(strtok_r.o)
                0x0000439c                strtok_r
 .text.avr-libc
                0x000043ea       0x16 c:/program files/atmel/atmel toolchain/avr8 gcc/native/3.4.1056/avr8-gnu-toolchain/bin/../lib/gcc/avr/4.8.1/../../../../avr/lib/avr5\libc.a(itoa_ncheck.o)
                0x000043ea                __itoa_ncheck
 .text.avr-libc
                0x00004400       0x10 c:/program files/atmel/atmel toolchain/avr8 gcc/native/3.4.1056/avr8-gnu-toolchain/bin/../lib/gcc/avr/4.8.1/../../../../avr/lib/avr5\libc.a(mul10.o)
                0x00004400                __mulhi_const_10
 .text.avr-libc
                0x00004410       0x34 c:/program files/atmel/atmel toolchain/avr8 gcc/native/3.4.1056/avr8-gnu-toolchain/bin/../lib/gcc/avr/4.8.1/../../../../avr/lib/avr5\libc.a(utoa_ncheck.o)
                0x00004410                __utoa_ncheck
                0x00004412                __utoa_common
 .text.avr-libc
                0x00004444       0x64 c:/program files/atmel/atmel toolchain/avr8 gcc/native/3.4.1056/avr8-gnu-toolchain/bin/../lib/gcc/avr/4.8.1/../../../../avr/lib/avr5\libc.a(fputc.o)
                0x00004444                fputc
 .text.avr-libc
                0x000044a8       0x44 c:/program files/atmel/atmel toolchain/avr8 gcc/native/3.4.1056/avr8-gnu-toolchain/bin/../lib/gcc/avr/4.8.1/../../../../avr/lib/avr5\libc.a(sprintf.o)
                0x000044a8                sprintf
 .text.avr-libc
                0x000044ec       0xbc c:/program files/atmel/atmel toolchain/avr8 gcc/native/3.4.1056/avr8-gnu-toolchain/bin/../lib/gcc/avr/4.8.1/../../../../avr/lib/avr5\libc.a(ultoa_invert.o)
                0x000044ec                __ultoa_invert
 .text.avr-libc
                0x000045a8        0xc c:/program files/atmel/atmel toolchain/avr8 gcc/native/3.4.1056/avr8-gnu-toolchain/bin/../lib/gcc/avr/4.8.1/../../../../avr/lib/avr5\libc.a(eerd_dword_atmega328p.o)
                0x000045a8                __eerd_dword_m328p
                0x000045a8                __eerd_float_m328p
 .text.avr-libc
                0x000045b4        0xc c:/program files/atmel/atmel toolchain/avr8 gcc/native/3.4.1056/avr8-gnu-toolchain/bin/../lib/gcc/avr/4.8.1/../../../../avr/lib/avr5\libc.a(eerd_word_atmega328p.o)
                0x000045b4                __eerd_word_m328p
 .text.avr-libc
                0x000045c0       0x18 c:/program files/atmel/atmel toolchain/avr8 gcc/native/3.4.1056/avr8-gnu-toolchain/bin/../lib/gcc/avr/4.8.1/../../../../avr/lib/avr5\libc.a(eeupd_dword_atmega328p.o)
                0x000045c0                __eeupd_float_m328p
                0x000045c0                __eeupd_dword_m328p
 .text.avr-libc
                0x000045d8        0xc c:/program files/atmel/atmel toolchain/avr8 gcc/native/3.4.1056/avr8-gnu-toolchain/bin/../lib/gcc/avr/4.8.1/../../../../avr/lib/avr5\libc.a(eeupd_word_atmega328p.o)
                0x000045d8                __eeupd_word_m328p
 .text.avr-libc
                0x000045e4      0x2fc c:/program files/atmel/atmel toolchain/avr8 gcc/native/3.4.1056/avr8-gnu-toolchain/bin/../lib/gcc/avr/4.8.1/../../../../avr/lib/avr5\libc.a(dtoa_prf.o)
                0x000045e4                dtoa_prf
 .text.avr-libc
                0x000048e0      0x2c6 c:/program files/atmel/atmel toolchain/avr8 gcc/native/3.4.1056/avr8-gnu-toolchain/bin/../lib/gcc/avr/4.8.1/../../../../avr/lib/avr5\libc.a(strtod.o)
                0x000048e0                strtod
 .text.avr-libc
                0x00004ba6       0x10 c:/program files/atmel/atmel toolchain/avr8 gcc/native/3.4.1056/avr8-gnu-toolchain/bin/../lib/gcc/avr/4.8.1/../../../../avr/lib/avr5\libc.a(isspace.o)
                0x00004ba6                isspace
 .text.avr-libc
                0x00004bb6       0x30 c:/program files/atmel/atmel toolchain/avr8 gcc/native/3.4.1056/avr8-gnu-toolchain/bin/../lib/gcc/avr/4.8.1/../../../../avr/lib/avr5\libc.a(strncasecmp_P.o)
                0x00004bb6                strncasecmp_P
 .text.avr-libc
                0x00004be6       0x20 c:/program files/atmel/atmel toolchain/avr8 gcc/native/3.4.1056/avr8-gnu-toolchain/bin/../lib/gcc/avr/4.8.1/../../../../avr/lib/avr5\libc.a(strrev.o)
                0x00004be6                strrev
 .text.avr-libc
                0x00004c06       0x20 c:/program files/atmel/atmel toolchain/avr8 gcc/native/3.4.1056/avr8-gnu-toolchain/bin/../lib/gcc/avr/4.8.1/../../../../avr/lib/avr5\libc.a(eerd_block_atmega328p.o)
                0x00004c06                __eerd_block_m328p
                0x00004c0a                __eerd_blraw_m328p
 .text.avr-libc
                0x00004c26       0x24 c:/program files/atmel/atmel toolchain/avr8 gcc/native/3.4.1056/avr8-gnu-toolchain/bin/../lib/gcc/avr/4.8.1/../../../../avr/lib/avr5\libc.a(eeupd_byte_atmega328p.o)
                0x00004c26                __eeupd_byte_m328p
                0x00004c28                __eeupd_r18_m328p
 .text.avr-libc
                0x00004c4a        0x6 c:/program files/atmel/atmel toolchain/avr8 gcc/native/3.4.1056/avr8-gnu-toolchain/bin/../lib/gcc/avr/4.8.1/../../../../avr/lib/avr5\libc.a(cty_isfalse.o)
                0x00004c4a                __ctype_isfalse
                0x00004c4e                __ctype_istrue
 .text.libgcc.mul
                0x00004c50       0x16 c:/program files/atmel/atmel toolchain/avr8 gcc/native/3.4.1056/avr8-gnu-toolchain/bin/../lib/gcc/avr/4.8.1/avr5\libgcc.a(_muluhisi3.o)
                0x00004c50                __muluhisi3
                0x00004c66                . = ALIGN (0x2)
 *(.fini9)
 .fini9         0x00004c66        0x0 c:/program files/atmel/atmel toolchain/avr8 gcc/native/3.4.1056/avr8-gnu-toolchain/bin/../lib/gcc/avr/4.8.1/avr5\libgcc.a(_exit.o)
                0x00004c66                _exit
                0x00004c66                exit
 *(.fini9)
 *(.fini8)
 *(.fini8)
 *(.fini7)
 *(.fini7)
 *(.fini6)
 *(.fini6)
 *(.fini5)
 *(.fini5)
 *(.fini4)
 *(.fini4)
 *(.fini3)
 *(.fini3)
 *(.fini2)
 *(.fini2)
 *(.fini1)
 *(.fini1)
 *(.fini0)
 .fini0         0x00004c66        0x4 c:/program files/atmel/atmel toolchain/avr8 gcc/native/3.4.1056/avr8-gnu-toolchain/bin/../lib/gcc/avr/4.8.1/avr5\libgcc.a(_exit.o)
 *(.fini0)
                0x00004c6a                _etext = .

.data           0x00800100      0x4b6 load address 0x00004c6a
                0x00800100                PROVIDE (__data_start, .)
 *(.data)
 .data          0x00800100        0x0 c:/program files/atmel/atmel toolchain/avr8 gcc/native/3.4.1056/avr8-gnu-toolchain/bin/../lib/gcc/avr/4.8.1/../../../../avr/lib/avr5/crtm328p.o
 .data          0x00800100        0x0 Geocalc.o
 .data          0x00800100        0x0 Hal.o
 .data          0x00800100        0x0 LSM303_simple.o
 .data          0x00800100        0x0 twimaster.o
 .data          0x00800100        0x0 uart_handler.o
 .data          0x00800100        0x0 ui.o
 .data          0x00800100        0x0 hmc5883l.o
 .data          0x00800100        0x0 light_ws2812.o
 .data          0x00800100        0x0 Main.o
 .data          0x00800100        0x0 uart.o
 .data          0x00800100        0x0 vector.o
 .data          0x00800100        0x0 c:/program files/atmel/atmel toolchain/avr8 gcc/native/3.4.1056/avr8-gnu-toolchain/bin/../lib/gcc/avr/4.8.1/../../../../avr/lib/avr5\libprintf_flt.a(vfprintf_flt.o)
 .data          0x00800100        0x0 c:/program files/atmel/atmel toolchain/avr8 gcc/native/3.4.1056/avr8-gnu-toolchain/bin/../lib/gcc/avr/4.8.1/avr5\libgcc.a(_divmodhi4.o)
 .data          0x00800100        0x0 c:/program files/atmel/atmel toolchain/avr8 gcc/native/3.4.1056/avr8-gnu-toolchain/bin/../lib/gcc/avr/4.8.1/avr5\libgcc.a(_exit.o)
 .data          0x00800100        0x0 c:/program files/atmel/atmel toolchain/avr8 gcc/native/3.4.1056/avr8-gnu-toolchain/bin/../lib/gcc/avr/4.8.1/avr5\libgcc.a(_tablejump.o)
 .data          0x00800100        0x0 c:/program files/atmel/atmel toolchain/avr8 gcc/native/3.4.1056/avr8-gnu-toolchain/bin/../lib/gcc/avr/4.8.1/avr5\libgcc.a(_copy_data.o)
 .data          0x00800100        0x0 c:/program files/atmel/atmel toolchain/avr8 gcc/native/3.4.1056/avr8-gnu-toolchain/bin/../lib/gcc/avr/4.8.1/avr5\libgcc.a(_clear_bss.o)
 .data          0x00800100        0x0 c:/program files/atmel/atmel toolchain/avr8 gcc/native/3.4.1056/avr8-gnu-toolchain/bin/../lib/gcc/avr/4.8.1/avr5\libgcc.a(_umulhisi3.o)
 .data          0x00800100        0x0 c:/program files/atmel/atmel toolchain/avr8 gcc/native/3.4.1056/avr8-gnu-toolchain/bin/../lib/gcc/avr/4.8.1/avr5\libgcc.a(_prologue.o)
 .data          0x00800100        0x0 c:/program files/atmel/atmel toolchain/avr8 gcc/native/3.4.1056/avr8-gnu-toolchain/bin/../lib/gcc/avr/4.8.1/avr5\libgcc.a(_epilogue.o)
 .data          0x00800100        0x0 c:/program files/atmel/atmel toolchain/avr8 gcc/native/3.4.1056/avr8-gnu-toolchain/bin/../lib/gcc/avr/4.8.1/avr5\libgcc.a(_udivmodhi4.o)
 .data          0x00800100        0x0 c:/program files/atmel/atmel toolchain/avr8 gcc/native/3.4.1056/avr8-gnu-toolchain/bin/../lib/gcc/avr/4.8.1/../../../../avr/lib/avr5\libm.a(addsf3.o)
 .data          0x00800100        0x0 c:/program files/atmel/atmel toolchain/avr8 gcc/native/3.4.1056/avr8-gnu-toolchain/bin/../lib/gcc/avr/4.8.1/../../../../avr/lib/avr5\libm.a(addsf3x.o)
 .data          0x00800100        0x0 c:/program files/atmel/atmel toolchain/avr8 gcc/native/3.4.1056/avr8-gnu-toolchain/bin/../lib/gcc/avr/4.8.1/../../../../avr/lib/avr5\libm.a(atan2.o)
 .data          0x00800100        0x0 c:/program files/atmel/atmel toolchain/avr8 gcc/native/3.4.1056/avr8-gnu-toolchain/bin/../lib/gcc/avr/4.8.1/../../../../avr/lib/avr5\libm.a(atan.o)
 .data          0x00800100        0x0 c:/program files/atmel/atmel toolchain/avr8 gcc/native/3.4.1056/avr8-gnu-toolchain/bin/../lib/gcc/avr/4.8.1/../../../../avr/lib/avr5\libm.a(cmpsf2.o)
 .data          0x00800100        0x0 c:/program files/atmel/atmel toolchain/avr8 gcc/native/3.4.1056/avr8-gnu-toolchain/bin/../lib/gcc/avr/4.8.1/../../../../avr/lib/avr5\libm.a(cos.o)
 .data          0x00800100        0x0 c:/program files/atmel/atmel toolchain/avr8 gcc/native/3.4.1056/avr8-gnu-toolchain/bin/../lib/gcc/avr/4.8.1/../../../../avr/lib/avr5\libm.a(divsf3.o)
 .data          0x00800100        0x0 c:/program files/atmel/atmel toolchain/avr8 gcc/native/3.4.1056/avr8-gnu-toolchain/bin/../lib/gcc/avr/4.8.1/../../../../avr/lib/avr5\libm.a(divsf3x.o)
 .data          0x00800100        0x0 c:/program files/atmel/atmel toolchain/avr8 gcc/native/3.4.1056/avr8-gnu-toolchain/bin/../lib/gcc/avr/4.8.1/../../../../avr/lib/avr5\libm.a(fixsfsi.o)
 .data          0x00800100        0x0 c:/program files/atmel/atmel toolchain/avr8 gcc/native/3.4.1056/avr8-gnu-toolchain/bin/../lib/gcc/avr/4.8.1/../../../../avr/lib/avr5\libm.a(fixunssfsi.o)
 .data          0x00800100        0x0 c:/program files/atmel/atmel toolchain/avr8 gcc/native/3.4.1056/avr8-gnu-toolchain/bin/../lib/gcc/avr/4.8.1/../../../../avr/lib/avr5\libm.a(floatsisf.o)
 .data          0x00800100        0x0 c:/program files/atmel/atmel toolchain/avr8 gcc/native/3.4.1056/avr8-gnu-toolchain/bin/../lib/gcc/avr/4.8.1/../../../../avr/lib/avr5\libm.a(fmod.o)
 .data          0x00800100        0x0 c:/program files/atmel/atmel toolchain/avr8 gcc/native/3.4.1056/avr8-gnu-toolchain/bin/../lib/gcc/avr/4.8.1/../../../../avr/lib/avr5\libm.a(fp_cmp.o)
 .data          0x00800100        0x0 c:/program files/atmel/atmel toolchain/avr8 gcc/native/3.4.1056/avr8-gnu-toolchain/bin/../lib/gcc/avr/4.8.1/../../../../avr/lib/avr5\libm.a(fp_inf.o)
 .data          0x00800100        0x0 c:/program files/atmel/atmel toolchain/avr8 gcc/native/3.4.1056/avr8-gnu-toolchain/bin/../lib/gcc/avr/4.8.1/../../../../avr/lib/avr5\libm.a(fp_mpack.o)
 .data          0x00800100        0x0 c:/program files/atmel/atmel toolchain/avr8 gcc/native/3.4.1056/avr8-gnu-toolchain/bin/../lib/gcc/avr/4.8.1/../../../../avr/lib/avr5\libm.a(fp_nan.o)
 .data          0x00800100        0x0 c:/program files/atmel/atmel toolchain/avr8 gcc/native/3.4.1056/avr8-gnu-toolchain/bin/../lib/gcc/avr/4.8.1/../../../../avr/lib/avr5\libm.a(fp_powser.o)
 .data          0x00800100        0x0 c:/program files/atmel/atmel toolchain/avr8 gcc/native/3.4.1056/avr8-gnu-toolchain/bin/../lib/gcc/avr/4.8.1/../../../../avr/lib/avr5\libm.a(fp_pscA.o)
 .data          0x00800100        0x0 c:/program files/atmel/atmel toolchain/avr8 gcc/native/3.4.1056/avr8-gnu-toolchain/bin/../lib/gcc/avr/4.8.1/../../../../avr/lib/avr5\libm.a(fp_pscB.o)
 .data          0x00800100        0x0 c:/program files/atmel/atmel toolchain/avr8 gcc/native/3.4.1056/avr8-gnu-toolchain/bin/../lib/gcc/avr/4.8.1/../../../../avr/lib/avr5\libm.a(fp_rempio2.o)
 .data          0x00800100        0x0 c:/program files/atmel/atmel toolchain/avr8 gcc/native/3.4.1056/avr8-gnu-toolchain/bin/../lib/gcc/avr/4.8.1/../../../../avr/lib/avr5\libm.a(fp_round.o)
 .data          0x00800100        0x0 c:/program files/atmel/atmel toolchain/avr8 gcc/native/3.4.1056/avr8-gnu-toolchain/bin/../lib/gcc/avr/4.8.1/../../../../avr/lib/avr5\libm.a(fp_sinus.o)
 .data          0x00800100        0x0 c:/program files/atmel/atmel toolchain/avr8 gcc/native/3.4.1056/avr8-gnu-toolchain/bin/../lib/gcc/avr/4.8.1/../../../../avr/lib/avr5\libm.a(fp_split3.o)
 .data          0x00800100        0x0 c:/program files/atmel/atmel toolchain/avr8 gcc/native/3.4.1056/avr8-gnu-toolchain/bin/../lib/gcc/avr/4.8.1/../../../../avr/lib/avr5\libm.a(fp_zero.o)
 .data          0x00800100        0x0 c:/program files/atmel/atmel toolchain/avr8 gcc/native/3.4.1056/avr8-gnu-toolchain/bin/../lib/gcc/avr/4.8.1/../../../../avr/lib/avr5\libm.a(gesf2.o)
 .data          0x00800100        0x0 c:/program files/atmel/atmel toolchain/avr8 gcc/native/3.4.1056/avr8-gnu-toolchain/bin/../lib/gcc/avr/4.8.1/../../../../avr/lib/avr5\libm.a(inverse.o)
 .data          0x00800100        0x0 c:/program files/atmel/atmel toolchain/avr8 gcc/native/3.4.1056/avr8-gnu-toolchain/bin/../lib/gcc/avr/4.8.1/../../../../avr/lib/avr5\libm.a(mulsf3.o)
 .data          0x00800100        0x0 c:/program files/atmel/atmel toolchain/avr8 gcc/native/3.4.1056/avr8-gnu-toolchain/bin/../lib/gcc/avr/4.8.1/../../../../avr/lib/avr5\libm.a(mulsf3x.o)
 .data          0x00800100        0x0 c:/program files/atmel/atmel toolchain/avr8 gcc/native/3.4.1056/avr8-gnu-toolchain/bin/../lib/gcc/avr/4.8.1/../../../../avr/lib/avr5\libm.a(round.o)
 .data          0x00800100        0x0 c:/program files/atmel/atmel toolchain/avr8 gcc/native/3.4.1056/avr8-gnu-toolchain/bin/../lib/gcc/avr/4.8.1/../../../../avr/lib/avr5\libm.a(sin.o)
 .data          0x00800100        0x0 c:/program files/atmel/atmel toolchain/avr8 gcc/native/3.4.1056/avr8-gnu-toolchain/bin/../lib/gcc/avr/4.8.1/../../../../avr/lib/avr5\libm.a(sqrt.o)
 .data          0x00800100        0x0 c:/program files/atmel/atmel toolchain/avr8 gcc/native/3.4.1056/avr8-gnu-toolchain/bin/../lib/gcc/avr/4.8.1/../../../../avr/lib/avr5\libm.a(square.o)
 .data          0x00800100        0x0 c:/program files/atmel/atmel toolchain/avr8 gcc/native/3.4.1056/avr8-gnu-toolchain/bin/../lib/gcc/avr/4.8.1/../../../../avr/lib/avr5\libm.a(fp_mintl.o)
 .data          0x00800100        0x0 c:/program files/atmel/atmel toolchain/avr8 gcc/native/3.4.1056/avr8-gnu-toolchain/bin/../lib/gcc/avr/4.8.1/../../../../avr/lib/avr5\libm.a(fp_norm2.o)
 .data          0x00800100        0x0 c:/program files/atmel/atmel toolchain/avr8 gcc/native/3.4.1056/avr8-gnu-toolchain/bin/../lib/gcc/avr/4.8.1/../../../../avr/lib/avr5\libm.a(fp_powsodd.o)
 .data          0x00800100        0x0 c:/program files/atmel/atmel toolchain/avr8 gcc/native/3.4.1056/avr8-gnu-toolchain/bin/../lib/gcc/avr/4.8.1/../../../../avr/lib/avr5\libc.a(dtostrf.o)
 .data          0x00800100        0x0 c:/program files/atmel/atmel toolchain/avr8 gcc/native/3.4.1056/avr8-gnu-toolchain/bin/../lib/gcc/avr/4.8.1/../../../../avr/lib/avr5\libc.a(atof.o)
 .data          0x00800100        0x0 c:/program files/atmel/atmel toolchain/avr8 gcc/native/3.4.1056/avr8-gnu-toolchain/bin/../lib/gcc/avr/4.8.1/../../../../avr/lib/avr5\libc.a(atoi.o)
 .data          0x00800100        0x0 c:/program files/atmel/atmel toolchain/avr8 gcc/native/3.4.1056/avr8-gnu-toolchain/bin/../lib/gcc/avr/4.8.1/../../../../avr/lib/avr5\libc.a(ftoa_engine.o)
 .data          0x00800100        0x0 c:/program files/atmel/atmel toolchain/avr8 gcc/native/3.4.1056/avr8-gnu-toolchain/bin/../lib/gcc/avr/4.8.1/../../../../avr/lib/avr5\libc.a(strnlen_P.o)
 .data          0x00800100        0x0 c:/program files/atmel/atmel toolchain/avr8 gcc/native/3.4.1056/avr8-gnu-toolchain/bin/../lib/gcc/avr/4.8.1/../../../../avr/lib/avr5\libc.a(strtok.o)
 .data          0x00800100        0x0 c:/program files/atmel/atmel toolchain/avr8 gcc/native/3.4.1056/avr8-gnu-toolchain/bin/../lib/gcc/avr/4.8.1/../../../../avr/lib/avr5\libc.a(strchr.o)
 .data          0x00800100        0x0 c:/program files/atmel/atmel toolchain/avr8 gcc/native/3.4.1056/avr8-gnu-toolchain/bin/../lib/gcc/avr/4.8.1/../../../../avr/lib/avr5\libc.a(strcpy.o)
 .data          0x00800100        0x0 c:/program files/atmel/atmel toolchain/avr8 gcc/native/3.4.1056/avr8-gnu-toolchain/bin/../lib/gcc/avr/4.8.1/../../../../avr/lib/avr5\libc.a(strnlen.o)
 .data          0x00800100        0x0 c:/program files/atmel/atmel toolchain/avr8 gcc/native/3.4.1056/avr8-gnu-toolchain/bin/../lib/gcc/avr/4.8.1/../../../../avr/lib/avr5\libc.a(strtok_r.o)
 .data          0x00800100        0x0 c:/program files/atmel/atmel toolchain/avr8 gcc/native/3.4.1056/avr8-gnu-toolchain/bin/../lib/gcc/avr/4.8.1/../../../../avr/lib/avr5\libc.a(itoa_ncheck.o)
 .data          0x00800100        0x0 c:/program files/atmel/atmel toolchain/avr8 gcc/native/3.4.1056/avr8-gnu-toolchain/bin/../lib/gcc/avr/4.8.1/../../../../avr/lib/avr5\libc.a(mul10.o)
 .data          0x00800100        0x0 c:/program files/atmel/atmel toolchain/avr8 gcc/native/3.4.1056/avr8-gnu-toolchain/bin/../lib/gcc/avr/4.8.1/../../../../avr/lib/avr5\libc.a(utoa_ncheck.o)
 .data          0x00800100        0x0 c:/program files/atmel/atmel toolchain/avr8 gcc/native/3.4.1056/avr8-gnu-toolchain/bin/../lib/gcc/avr/4.8.1/../../../../avr/lib/avr5\libc.a(fputc.o)
 .data          0x00800100        0x0 c:/program files/atmel/atmel toolchain/avr8 gcc/native/3.4.1056/avr8-gnu-toolchain/bin/../lib/gcc/avr/4.8.1/../../../../avr/lib/avr5\libc.a(sprintf.o)
 .data          0x00800100        0x0 c:/program files/atmel/atmel toolchain/avr8 gcc/native/3.4.1056/avr8-gnu-toolchain/bin/../lib/gcc/avr/4.8.1/../../../../avr/lib/avr5\libc.a(ultoa_invert.o)
 .data          0x00800100        0x0 c:/program files/atmel/atmel toolchain/avr8 gcc/native/3.4.1056/avr8-gnu-toolchain/bin/../lib/gcc/avr/4.8.1/../../../../avr/lib/avr5\libc.a(eerd_dword_atmega328p.o)
 .data          0x00800100        0x0 c:/program files/atmel/atmel toolchain/avr8 gcc/native/3.4.1056/avr8-gnu-toolchain/bin/../lib/gcc/avr/4.8.1/../../../../avr/lib/avr5\libc.a(eerd_word_atmega328p.o)
 .data          0x00800100        0x0 c:/program files/atmel/atmel toolchain/avr8 gcc/native/3.4.1056/avr8-gnu-toolchain/bin/../lib/gcc/avr/4.8.1/../../../../avr/lib/avr5\libc.a(eeupd_dword_atmega328p.o)
 .data          0x00800100        0x0 c:/program files/atmel/atmel toolchain/avr8 gcc/native/3.4.1056/avr8-gnu-toolchain/bin/../lib/gcc/avr/4.8.1/../../../../avr/lib/avr5\libc.a(eeupd_word_atmega328p.o)
 .data          0x00800100        0x0 c:/program files/atmel/atmel toolchain/avr8 gcc/native/3.4.1056/avr8-gnu-toolchain/bin/../lib/gcc/avr/4.8.1/../../../../avr/lib/avr5\libc.a(dtoa_prf.o)
 .data          0x00800100        0x0 c:/program files/atmel/atmel toolchain/avr8 gcc/native/3.4.1056/avr8-gnu-toolchain/bin/../lib/gcc/avr/4.8.1/../../../../avr/lib/avr5\libc.a(strtod.o)
 .data          0x00800100        0x0 c:/program files/atmel/atmel toolchain/avr8 gcc/native/3.4.1056/avr8-gnu-toolchain/bin/../lib/gcc/avr/4.8.1/../../../../avr/lib/avr5\libc.a(isspace.o)
 .data          0x00800100        0x0 c:/program files/atmel/atmel toolchain/avr8 gcc/native/3.4.1056/avr8-gnu-toolchain/bin/../lib/gcc/avr/4.8.1/../../../../avr/lib/avr5\libc.a(strncasecmp_P.o)
 .data          0x00800100        0x0 c:/program files/atmel/atmel toolchain/avr8 gcc/native/3.4.1056/avr8-gnu-toolchain/bin/../lib/gcc/avr/4.8.1/../../../../avr/lib/avr5\libc.a(strrev.o)
 .data          0x00800100        0x0 c:/program files/atmel/atmel toolchain/avr8 gcc/native/3.4.1056/avr8-gnu-toolchain/bin/../lib/gcc/avr/4.8.1/../../../../avr/lib/avr5\libc.a(eerd_block_atmega328p.o)
 .data          0x00800100        0x0 c:/program files/atmel/atmel toolchain/avr8 gcc/native/3.4.1056/avr8-gnu-toolchain/bin/../lib/gcc/avr/4.8.1/../../../../avr/lib/avr5\libc.a(eeupd_byte_atmega328p.o)
 .data          0x00800100        0x0 c:/program files/atmel/atmel toolchain/avr8 gcc/native/3.4.1056/avr8-gnu-toolchain/bin/../lib/gcc/avr/4.8.1/../../../../avr/lib/avr5\libc.a(errno.o)
 .data          0x00800100        0x0 c:/program files/atmel/atmel toolchain/avr8 gcc/native/3.4.1056/avr8-gnu-toolchain/bin/../lib/gcc/avr/4.8.1/../../../../avr/lib/avr5\libc.a(cty_isfalse.o)
 .data          0x00800100        0x0 c:/program files/atmel/atmel toolchain/avr8 gcc/native/3.4.1056/avr8-gnu-toolchain/bin/../lib/gcc/avr/4.8.1/avr5\libgcc.a(_muluhisi3.o)
 *(.data*)
 .data.m_max    0x00800100        0xc LSM303_simple.o
                0x00800100                m_max
 .data.m_min    0x0080010c        0xc LSM303_simple.o
                0x0080010c                m_min
 .data.p        0x00800118        0xc LSM303_simple.o
                0x00800118                p
 *(.rodata)
 *(.rodata*)
 .rodata.str1.1
                0x00800124       0xc9 Hal.o
 .rodata.str1.1
                0x008001ed       0x5f LSM303_simple.o
 .rodata.str1.1
                0x0080024c      0x1b3 uart_handler.o
                                0x1bc (size before relaxing)
 .rodata.str1.1
                0x008003ff       0x5f ui.o
 .rodata.str1.1
                0x0080045e      0x158 Main.o
                                0x17f (size before relaxing)
 *(.gnu.linkonce.d*)
                0x008005b6                . = ALIGN (0x2)
                0x008005b6                _edata = .
                0x008005b6                PROVIDE (__data_end, .)

.bss            0x008005b6      0x25c
                0x008005b6                PROVIDE (__bss_start, .)
 *(.bss)
 .bss           0x008005b6        0x2 c:/program files/atmel/atmel toolchain/avr8 gcc/native/3.4.1056/avr8-gnu-toolchain/bin/../lib/gcc/avr/4.8.1/../../../../avr/lib/avr5\libc.a(strtok.o)
 *(.bss*)
 .bss.cal_m_min
                0x008005b8        0xc LSM303_simple.o
                0x008005b8                cal_m_min
 .bss.cal_m_max
                0x008005c4        0xc LSM303_simple.o
                0x008005c4                cal_m_max
 .bss.test.2551
                0x008005d0        0x2 uart_handler.o
 .bss.debug_on  0x008005d2        0x1 uart_handler.o
                0x008005d2                debug_on
 .bss.mode.2025
                0x008005d3        0x1 ui.o
 .bss.color_counter.2002
                0x008005d4        0x1 ui.o
 .bss.timeout_timer
                0x008005d5        0x2 ui.o
                0x008005d5                timeout_timer
 .bss.ui_counter
                0x008005d7        0x1 ui.o
                0x008005d7                ui_counter
 .bss.button_counter
                0x008005d8        0x1 ui.o
                0x008005d8                button_counter
 .bss.togglebit
                0x008005d9        0x1 ui.o
                0x008005d9                togglebit
 .bss.error_counter.2513
                0x008005da        0x2 Main.o
 .bss.refresh_counter.2471
                0x008005dc        0x1 Main.o
 .bss.UART_LastRxError
                0x008005dd        0x1 uart.o
 .bss.UART_RxTail
                0x008005de        0x1 uart.o
 .bss.UART_RxHead
                0x008005df        0x1 uart.o
 .bss.UART_TxTail
                0x008005e0        0x1 uart.o
 .bss.UART_TxHead
                0x008005e1        0x1 uart.o
 .bss.UART_RxBuf
                0x008005e2       0x40 uart.o
 .bss.UART_TxBuf
                0x00800622       0x20 uart.o
 *(COMMON)
 COMMON         0x00800642       0x61 Geocalc.o
                0x00800642                uiBuffer
                0x00800676                UI
                0x0080067f                lon_dest
                0x00800683                lat_dest
                0x00800687                lat_current
                0x0080068b                lon_current
                0x0080068f                device
 COMMON         0x008006a3      0x12e Hal.o
                0x008006a3                data_count
                0x008006a4                command_in
                0x00800708                data_in
                0x0080076c                command_ready
                0x0080076d                data_in2
 COMMON         0x008007d1       0x18 LSM303_simple.o
                0x008007d1                a
                0x008007dd                m
 COMMON         0x008007e9       0x27 ui.o
                0x008007e9                led
 COMMON         0x00800810        0x2 c:/program files/atmel/atmel toolchain/avr8 gcc/native/3.4.1056/avr8-gnu-toolchain/bin/../lib/gcc/avr/4.8.1/../../../../avr/lib/avr5\libc.a(errno.o)
                0x00800810                errno
                0x00800812                PROVIDE (__bss_end, .)
                0x00004c6a                __data_load_start = LOADADDR (.data)
                0x00005120                __data_load_end = (__data_load_start + SIZEOF (.data))

.noinit         0x00800812        0x0
                0x00800812                PROVIDE (__noinit_start, .)
 *(.noinit*)
                0x00800812                PROVIDE (__noinit_end, .)
                0x00800812                _end = .
                0x00800812                PROVIDE (__heap_start, .)

.eeprom         0x00810000        0xe
 *(.eeprom*)
 .eeprom        0x00810000        0xe Main.o
                0x00810000                eeprom_navigationcolor
                0x00810004                eeprom_shownorth
                0x00810006                eeprom_showdistance
                0x00810008                eeprom_displaymode
                0x0081000a                eeprom_brightness
                0x0081000c                eeprom_first_startup
                0x0081000e                __eeprom_end = .

.fuse
 *(.fuse)
 *(.lfuse)
 *(.hfuse)
 *(.efuse)

.lock
 *(.lock*)

.signature
 *(.signature*)

.user_signatures
 *(.user_signatures*)

.stab
 *(.stab)

.stabstr
 *(.stabstr)

.stab.excl
 *(.stab.excl)

.stab.exclstr
 *(.stab.exclstr)

.stab.index
 *(.stab.index)

.stab.indexstr
 *(.stab.indexstr)

.comment        0x00000000       0x5c
 *(.comment)
 .comment       0x00000000       0x30 Geocalc.o
                                 0x31 (size before relaxing)
 .comment       0x00000000       0x31 Hal.o
 .comment       0x00000000       0x31 LSM303_simple.o
 .comment       0x00000000       0x31 twimaster.o
 .comment       0x00000000       0x31 uart_handler.o
 .comment       0x00000000       0x31 ui.o
 .comment       0x00000000       0x31 hmc5883l.o
 .comment       0x00000000       0x31 light_ws2812.o
 .comment       0x00000000       0x31 Main.o
 .comment       0x00000000       0x31 uart.o
 .comment       0x00000000       0x31 vector.o
 .comment       0x00000030       0x2c c:/program files/atmel/atmel toolchain/avr8 gcc/native/3.4.1056/avr8-gnu-toolchain/bin/../lib/gcc/avr/4.8.1/../../../../avr/lib/avr5\libprintf_flt.a(vfprintf_flt.o)
                                 0x2d (size before relaxing)
 .comment       0x00000000       0x31 c:/program files/atmel/atmel toolchain/avr8 gcc/native/3.4.1056/avr8-gnu-toolchain/bin/../lib/gcc/avr/4.8.1/../../../../avr/lib/avr5\libc.a(dtostrf.o)
 .comment       0x00000000       0x31 c:/program files/atmel/atmel toolchain/avr8 gcc/native/3.4.1056/avr8-gnu-toolchain/bin/../lib/gcc/avr/4.8.1/../../../../avr/lib/avr5\libc.a(strtok.o)
 .comment       0x00000000       0x31 c:/program files/atmel/atmel toolchain/avr8 gcc/native/3.4.1056/avr8-gnu-toolchain/bin/../lib/gcc/avr/4.8.1/../../../../avr/lib/avr5\libc.a(fputc.o)
 .comment       0x00000000       0x31 c:/program files/atmel/atmel toolchain/avr8 gcc/native/3.4.1056/avr8-gnu-toolchain/bin/../lib/gcc/avr/4.8.1/../../../../avr/lib/avr5\libc.a(sprintf.o)
 .comment       0x00000000       0x31 c:/program files/atmel/atmel toolchain/avr8 gcc/native/3.4.1056/avr8-gnu-toolchain/bin/../lib/gcc/avr/4.8.1/../../../../avr/lib/avr5\libc.a(dtoa_prf.o)
 .comment       0x00000000       0x31 c:/program files/atmel/atmel toolchain/avr8 gcc/native/3.4.1056/avr8-gnu-toolchain/bin/../lib/gcc/avr/4.8.1/../../../../avr/lib/avr5\libc.a(strtod.o)
 .comment       0x00000000       0x2d c:/program files/atmel/atmel toolchain/avr8 gcc/native/3.4.1056/avr8-gnu-toolchain/bin/../lib/gcc/avr/4.8.1/../../../../avr/lib/avr5\libc.a(errno.o)

.note.gnu.build-id
 *(.note.gnu.build-id)

.debug
 *(.debug)

.line
 *(.line)

.debug_srcinfo
 *(.debug_srcinfo)

.debug_sfnames
 *(.debug_sfnames)

.debug_aranges  0x00000000      0x3e8
 *(.debug_aranges)
 .debug_aranges
                0x00000000       0x38 Geocalc.o
 .debug_aranges
                0x00000038       0x48 Hal.o
 .debug_aranges
                0x00000080       0x70 LSM303_simple.o
 .debug_aranges
                0x000000f0       0x58 twimaster.o
 .debug_aranges
                0x00000148       0x68 uart_handler.o
 .debug_aranges
                0x000001b0       0xb8 ui.o
 .debug_aranges
                0x00000268       0x38 hmc5883l.o
 .debug_aranges
                0x000002a0       0x40 light_ws2812.o
 .debug_aranges
                0x000002e0       0x88 Main.o
 .debug_aranges
                0x00000368       0x50 uart.o
 .debug_aranges
                0x000003b8       0x30 vector.o

.debug_pubnames
 *(.debug_pubnames)

.debug_info     0x00000000     0x6d58
 *(.debug_info .gnu.linkonce.wi.*)
 .debug_info    0x00000000      0x69e Geocalc.o
 .debug_info    0x0000069e      0x6f4 Hal.o
 .debug_info    0x00000d92      0xe2c LSM303_simple.o
 .debug_info    0x00001bbe      0x1bd twimaster.o
 .debug_info    0x00001d7b     0x1cd3 uart_handler.o
 .debug_info    0x00003a4e     0x1616 ui.o
 .debug_info    0x00005064      0x425 hmc5883l.o
 .debug_info    0x00005489      0x50e light_ws2812.o
 .debug_info    0x00005997      0xf3e Main.o
 .debug_info    0x000068d5      0x305 uart.o
 .debug_info    0x00006bda      0x17e vector.o

.debug_abbrev   0x00000000     0x17bb
 *(.debug_abbrev)
 .debug_abbrev  0x00000000      0x1b7 Geocalc.o
 .debug_abbrev  0x000001b7      0x235 Hal.o
 .debug_abbrev  0x000003ec      0x28f LSM303_simple.o
 .debug_abbrev  0x0000067b       0xe5 twimaster.o
 .debug_abbrev  0x00000760      0x39e uart_handler.o
 .debug_abbrev  0x00000afe      0x415 ui.o
 .debug_abbrev  0x00000f13      0x1de hmc5883l.o
 .debug_abbrev  0x000010f1      0x18e light_ws2812.o
 .debug_abbrev  0x0000127f      0x32c Main.o
 .debug_abbrev  0x000015ab      0x120 uart.o
 .debug_abbrev  0x000016cb       0xf0 vector.o

.debug_line     0x00000000     0x1a29
 *(.debug_line .debug_line.* .debug_line_end)
 .debug_line    0x00000000      0x134 Geocalc.o
 .debug_line    0x00000134      0x21c Hal.o
 .debug_line    0x00000350      0x2b1 LSM303_simple.o
 .debug_line    0x00000601      0x1a3 twimaster.o
 .debug_line    0x000007a4      0x483 uart_handler.o
 .debug_line    0x00000c27      0x50c ui.o
 .debug_line    0x00001133      0x19b hmc5883l.o
 .debug_line    0x000012ce      0x1cb light_ws2812.o
 .debug_line    0x00001499      0x373 Main.o
 .debug_line    0x0000180c      0x13f uart.o
 .debug_line    0x0000194b       0xde vector.o

.debug_frame    0x00000000      0xce8
 *(.debug_frame)
 .debug_frame   0x00000000      0x104 Geocalc.o
 .debug_frame   0x00000104       0x8c Hal.o
 .debug_frame   0x00000190      0x260 LSM303_simple.o
 .debug_frame   0x000003f0       0xa0 twimaster.o
 .debug_frame   0x00000490      0x1fc uart_handler.o
 .debug_frame   0x0000068c      0x214 ui.o
 .debug_frame   0x000008a0       0xe4 hmc5883l.o
 .debug_frame   0x00000984       0x64 light_ws2812.o
 .debug_frame   0x000009e8      0x160 Main.o
 .debug_frame   0x00000b48       0xe0 uart.o
 .debug_frame   0x00000c28       0xc0 vector.o

.debug_str      0x00000000      0xc81
 *(.debug_str)
 .debug_str     0x00000000      0x26d Geocalc.o
                                0x30d (size before relaxing)
 .debug_str     0x0000026d      0x14d Hal.o
                                0x3da (size before relaxing)
 .debug_str     0x000003ba      0x161 LSM303_simple.o
                                0x40b (size before relaxing)
 .debug_str     0x0000051b       0x3b twimaster.o
                                0x1d3 (size before relaxing)
 .debug_str     0x00000556      0x240 uart_handler.o
                                0x602 (size before relaxing)
 .debug_str     0x00000796      0x17d ui.o
                                0x512 (size before relaxing)
 .debug_str     0x00000913       0x99 hmc5883l.o
                                0x27e (size before relaxing)
 .debug_str     0x000009ac       0xa0 light_ws2812.o
                                0x267 (size before relaxing)
 .debug_str     0x00000a4c      0x16b Main.o
                                0x5fc (size before relaxing)
 .debug_str     0x00000bb7       0xbc uart.o
                                0x261 (size before relaxing)
 .debug_str     0x00000c73        0xe vector.o
                                0x136 (size before relaxing)

.debug_loc      0x00000000     0x442b
 *(.debug_loc)
 .debug_loc     0x00000000      0x5fe Geocalc.o
 .debug_loc     0x000005fe       0xff Hal.o
 .debug_loc     0x000006fd      0x975 LSM303_simple.o
 .debug_loc     0x00001072      0x12d twimaster.o
 .debug_loc     0x0000119f      0x91f uart_handler.o
 .debug_loc     0x00001abe     0x1735 ui.o
 .debug_loc     0x000031f3      0x38a hmc5883l.o
 .debug_loc     0x0000357d      0x4fd light_ws2812.o
 .debug_loc     0x00003a7a      0x3b1 Main.o
 .debug_loc     0x00003e2b      0x325 uart.o
 .debug_loc     0x00004150      0x2db vector.o

.debug_macinfo
 *(.debug_macinfo)

.debug_weaknames
 *(.debug_weaknames)

.debug_funcnames
 *(.debug_funcnames)

.debug_typenames
 *(.debug_typenames)

.debug_varnames
 *(.debug_varnames)

.debug_pubtypes
 *(.debug_pubtypes)

.debug_ranges   0x00000000      0x3b0
 *(.debug_ranges)
 .debug_ranges  0x00000000       0x28 Geocalc.o
 .debug_ranges  0x00000028       0x38 Hal.o
 .debug_ranges  0x00000060       0x60 LSM303_simple.o
 .debug_ranges  0x000000c0       0x48 twimaster.o
 .debug_ranges  0x00000108       0x58 uart_handler.o
 .debug_ranges  0x00000160      0x108 ui.o
 .debug_ranges  0x00000268       0x28 hmc5883l.o
 .debug_ranges  0x00000290       0x30 light_ws2812.o
 .debug_ranges  0x000002c0       0x78 Main.o
 .debug_ranges  0x00000338       0x58 uart.o
 .debug_ranges  0x00000390       0x20 vector.o

.debug_macro
 *(.debug_macro)
OUTPUT(Main.elf elf32-avr)
LOAD linker stubs
