Archive member included because of file (symbol)

c:/program files/atmel/atmel toolchain/avr8 gcc/native/3.4.1056/avr8-gnu-toolchain/bin/../lib/gcc/avr/4.8.1/../../../../avr/lib/avr5\libprintf_flt.a(vfprintf_flt.o)
                              (vfprintf)
c:/program files/atmel/atmel toolchain/avr8 gcc/native/3.4.1056/avr8-gnu-toolchain/bin/../lib/gcc/avr/4.8.1/avr5\libgcc.a(_divmodhi4.o)
                              ui.o (__divmodhi4)
c:/program files/atmel/atmel toolchain/avr8 gcc/native/3.4.1056/avr8-gnu-toolchain/bin/../lib/gcc/avr/4.8.1/avr5\libgcc.a(_exit.o)
                              c:/program files/atmel/atmel toolchain/avr8 gcc/native/3.4.1056/avr8-gnu-toolchain/bin/../lib/gcc/avr/4.8.1/../../../../avr/lib/avr5/crtm328p.o (exit)
c:/program files/atmel/atmel toolchain/avr8 gcc/native/3.4.1056/avr8-gnu-toolchain/bin/../lib/gcc/avr/4.8.1/avr5\libgcc.a(_tablejump.o)
                              uart_handler.o (__tablejump2__)
c:/program files/atmel/atmel toolchain/avr8 gcc/native/3.4.1056/avr8-gnu-toolchain/bin/../lib/gcc/avr/4.8.1/avr5\libgcc.a(_copy_data.o)
                              Hal.o (__do_copy_data)
c:/program files/atmel/atmel toolchain/avr8 gcc/native/3.4.1056/avr8-gnu-toolchain/bin/../lib/gcc/avr/4.8.1/avr5\libgcc.a(_clear_bss.o)
                              Geocalc.o (__do_clear_bss)
c:/program files/atmel/atmel toolchain/avr8 gcc/native/3.4.1056/avr8-gnu-toolchain/bin/../lib/gcc/avr/4.8.1/avr5\libgcc.a(_umulhisi3.o)
                              Hal.o (__umulhisi3)
c:/program files/atmel/atmel toolchain/avr8 gcc/native/3.4.1056/avr8-gnu-toolchain/bin/../lib/gcc/avr/4.8.1/avr5\libgcc.a(_prologue.o)
                              c:/program files/atmel/atmel toolchain/avr8 gcc/native/3.4.1056/avr8-gnu-toolchain/bin/../lib/gcc/avr/4.8.1/../../../../avr/lib/avr5\libprintf_flt.a(vfprintf_flt.o) (__prologue_saves__)
c:/program files/atmel/atmel toolchain/avr8 gcc/native/3.4.1056/avr8-gnu-toolchain/bin/../lib/gcc/avr/4.8.1/avr5\libgcc.a(_epilogue.o)
                              c:/program files/atmel/atmel toolchain/avr8 gcc/native/3.4.1056/avr8-gnu-toolchain/bin/../lib/gcc/avr/4.8.1/../../../../avr/lib/avr5\libprintf_flt.a(vfprintf_flt.o) (__epilogue_restores__)
c:/program files/atmel/atmel toolchain/avr8 gcc/native/3.4.1056/avr8-gnu-toolchain/bin/../lib/gcc/avr/4.8.1/avr5\libgcc.a(_udivmodhi4.o)
                              c:/program files/atmel/atmel toolchain/avr8 gcc/native/3.4.1056/avr8-gnu-toolchain/bin/../lib/gcc/avr/4.8.1/avr5\libgcc.a(_divmodhi4.o) (__udivmodhi4)
c:/program files/atmel/atmel toolchain/avr8 gcc/native/3.4.1056/avr8-gnu-toolchain/bin/../lib/gcc/avr/4.8.1/../../../../avr/lib/avr5\libm.a(addsf3.o)
                              Geocalc.o (__subsf3)
c:/program files/atmel/atmel toolchain/avr8 gcc/native/3.4.1056/avr8-gnu-toolchain/bin/../lib/gcc/avr/4.8.1/../../../../avr/lib/avr5\libm.a(addsf3x.o)
                              c:/program files/atmel/atmel toolchain/avr8 gcc/native/3.4.1056/avr8-gnu-toolchain/bin/../lib/gcc/avr/4.8.1/../../../../avr/lib/avr5\libm.a(addsf3.o) (__addsf3x)
c:/program files/atmel/atmel toolchain/avr8 gcc/native/3.4.1056/avr8-gnu-toolchain/bin/../lib/gcc/avr/4.8.1/../../../../avr/lib/avr5\libm.a(atan2.o)
                              Geocalc.o (atan2)
c:/program files/atmel/atmel toolchain/avr8 gcc/native/3.4.1056/avr8-gnu-toolchain/bin/../lib/gcc/avr/4.8.1/../../../../avr/lib/avr5\libm.a(atan.o)
                              c:/program files/atmel/atmel toolchain/avr8 gcc/native/3.4.1056/avr8-gnu-toolchain/bin/../lib/gcc/avr/4.8.1/../../../../avr/lib/avr5\libm.a(atan2.o) (atan)
c:/program files/atmel/atmel toolchain/avr8 gcc/native/3.4.1056/avr8-gnu-toolchain/bin/../lib/gcc/avr/4.8.1/../../../../avr/lib/avr5\libm.a(cmpsf2.o)
                              LSM303_simple.o (__ltsf2)
c:/program files/atmel/atmel toolchain/avr8 gcc/native/3.4.1056/avr8-gnu-toolchain/bin/../lib/gcc/avr/4.8.1/../../../../avr/lib/avr5\libm.a(cos.o)
                              Geocalc.o (cos)
c:/program files/atmel/atmel toolchain/avr8 gcc/native/3.4.1056/avr8-gnu-toolchain/bin/../lib/gcc/avr/4.8.1/../../../../avr/lib/avr5\libm.a(divsf3.o)
                              Geocalc.o (__divsf3)
c:/program files/atmel/atmel toolchain/avr8 gcc/native/3.4.1056/avr8-gnu-toolchain/bin/../lib/gcc/avr/4.8.1/../../../../avr/lib/avr5\libm.a(divsf3x.o)
                              c:/program files/atmel/atmel toolchain/avr8 gcc/native/3.4.1056/avr8-gnu-toolchain/bin/../lib/gcc/avr/4.8.1/../../../../avr/lib/avr5\libm.a(divsf3.o) (__divsf3x)
c:/program files/atmel/atmel toolchain/avr8 gcc/native/3.4.1056/avr8-gnu-toolchain/bin/../lib/gcc/avr/4.8.1/../../../../avr/lib/avr5\libm.a(fixsfsi.o)
                              Geocalc.o (__fixsfsi)
c:/program files/atmel/atmel toolchain/avr8 gcc/native/3.4.1056/avr8-gnu-toolchain/bin/../lib/gcc/avr/4.8.1/../../../../avr/lib/avr5\libm.a(fixunssfsi.o)
                              Geocalc.o (__fixunssfsi)
[...]
Memory Configuration

Name             Origin             Length             Attributes
text             0x00000000         0x00020000         xr
data             0x00800060         0x0000ffa0         rw !x
eeprom           0x00810000         0x00010000         rw !x
fuse             0x00820000         0x00000400         rw !x
lock             0x00830000         0x00000400         rw !x
signature        0x00840000         0x00000400         rw !x
user_signatures  0x00850000         0x00000400         rw !x
*default*        0x00000000         0xffffffff

Linker script and memory map

Address of section .data set to 0x800100
LOAD c:/program files/atmel/atmel toolchain/avr8 gcc/native/3.4.1056/avr8-gnu-toolchain/bin/../lib/gcc/avr/4.8.1/../../../../avr/lib/avr5/crtm328p.o
LOAD Geocalc.o
LOAD Hal.o
LOAD LSM303_simple.o
LOAD twimaster.o
LOAD uart_handler.o
LOAD ui.o
LOAD hmc5883l.o
LOAD light_ws2812.o
LOAD Main.o
LOAD uart.o
LOAD vector.o
START GROUP
END GROUP
LOAD c:/program files/atmel/atmel toolchain/avr8 gcc/native/3.4.1056/avr8-gnu-toolchain/bin/../lib/gcc/avr/4.8.1/../../../../avr/lib/avr5\libprintf_flt.a
START GROUP
LOAD c:/program files/atmel/atmel toolchain/avr8 gcc/native/3.4.1056/avr8-gnu-toolchain/bin/../lib/gcc/avr/4.8.1/avr5\libgcc.a
LOAD c:/program files/atmel/atmel toolchain/avr8 gcc/native/3.4.1056/avr8-gnu-toolchain/bin/../lib/gcc/avr/4.8.1/../../../../avr/lib/avr5\libm.a
LOAD c:/program files/atmel/atmel toolchain/avr8 gcc/native/3.4.1056/avr8-gnu-toolchain/bin/../lib/gcc/avr/4.8.1/../../../../avr/lib/avr5\libc.a
END GROUP

.hash
 *(.hash)

.dynsym
 *(.dynsym)

.dynstr
 *(.dynstr)

.gnu.version
 *(.gnu.version)

.gnu.version_d
 *(.gnu.version_d)

.gnu.version_r
 *(.gnu.version_r)

.rel.init
 *(.rel.init)

.rela.init
 *(.rela.init)

.rel.text
 *(.rel.text)
 *(.rel.text.*)
 *(.rel.gnu.linkonce.t*)

.rela.text
 *(.rela.text)
 *(.rela.text.*)
 *(.rela.gnu.linkonce.t*)

.rel.fini
 *(.rel.fini)

.rela.fini
 *(.rela.fini)

.rel.rodata
 *(.rel.rodata)
 *(.rel.rodata.*)
 *(.rel.gnu.linkonce.r*)

.rela.rodata
 *(.rela.rodata)
 *(.rela.rodata.*)
 *(.rela.gnu.linkonce.r*)

.rel.data
 *(.rel.data)
 *(.rel.data.*)
 *(.rel.gnu.linkonce.d*)

.rela.data
 *(.rela.data)
 *(.rela.data.*)
 *(.rela.gnu.linkonce.d*)

.rel.ctors
 *(.rel.ctors)

.rela.ctors
 *(.rela.ctors)

.rel.dtors
 *(.rel.dtors)

.rela.dtors
 *(.rela.dtors)

.rel.got
 *(.rel.got)

.rela.got
 *(.rela.got)

.rel.bss
 *(.rel.bss)

.rela.bss
 *(.rela.bss)

.rel.plt
 *(.rel.plt)

.rela.plt
 *(.rela.plt)

.text           0x00000000     0x3a6e
 *(.vectors)
 .vectors       0x00000000       0x68 c:/program files/atmel/atmel toolchain/avr8 gcc/native/3.4.1056/avr8-gnu-toolchain/bin/../lib/gcc/avr/4.8.1/../../../../avr/lib/avr5/crtm328p.o
                0x00000000                __vector_default
                0x00000000                __vectors
 *(.vectors)
 *(.progmem.gcc*)
 .progmem.gcc_sw_table.refreshDisplay
                0x00000068       0x10 ui.o
 .progmem.gcc_fplib
                0x00000078       0x2d c:/program files/atmel/atmel toolchain/avr8 gcc/native/3.4.1056/avr8-gnu-toolchain/bin/../lib/gcc/avr/4.8.1/../../../../avr/lib/avr5\libm.a(atan.o)
                0x000000a6                . = ALIGN (0x2)
 *fill*         0x000000a5        0x1 
                0x000000a6                __trampolines_start = .
 *(.trampolines)
 .trampolines   0x000000a6        0x0 linker stubs
 *(.trampolines*)
                0x000000a6                __trampolines_end = .
 *(.progmem*)
 .progmem.data  0x000000a6        0x8 c:/program files/atmel/atmel toolchain/avr8 gcc/native/3.4.1056/avr8-gnu-toolchain/bin/../lib/gcc/avr/4.8.1/../../../../avr/lib/avr5\libprintf_flt.a(vfprintf_flt.o)
 .progmem.data  0x000000ae       0xfa c:/program files/atmel/atmel toolchain/avr8 gcc/native/3.4.1056/avr8-gnu-toolchain/bin/../lib/gcc/avr/4.8.1/../../../../avr/lib/avr5\libc.a(ftoa_engine.o)
 .progmem.data  0x000001a8       0x3b c:/program files/atmel/atmel toolchain/avr8 gcc/native/3.4.1056/avr8-gnu-toolchain/bin/../lib/gcc/avr/4.8.1/../../../../avr/lib/avr5\libc.a(strtod.o)
                0x000001e4                . = ALIGN (0x2)
 *fill*         0x000001e3        0x1 
 *(.jumptables)
 *(.jumptables*)
 *(.lowtext)
 *(.lowtext*)
                0x000001e4                __ctors_start = .
 *(.ctors)
                0x000001e4                __ctors_end = .
                0x000001e4                __dtors_start = .
 *(.dtors)
                0x000001e4                __dtors_end = .
 SORT(*)(.ctors)
 SORT(*)(.dtors)
 *(.init0)
 .init0         0x000001e4        0x0 c:/program files/atmel/atmel toolchain/avr8 gcc/native/3.4.1056/avr8-gnu-toolchain/bin/../lib/gcc/avr/4.8.1/../../../../avr/lib/avr5/crtm328p.o
                0x000001e4                __init
 *(.init0)
 *(.init1)
 *(.init1)
 *(.init2)
 .init2         0x000001e4        0xc c:/program files/atmel/atmel toolchain/avr8 gcc/native/3.4.1056/avr8-gnu-toolchain/bin/../lib/gcc/avr/4.8.1/../../../../avr/lib/avr5/crtm328p.o
 *(.init2)
 *(.init3)
 *(.init3)
 *(.init4)
 .init4         0x000001f0       0x16 c:/program files/atmel/atmel toolchain/avr8 gcc/native/3.4.1056/avr8-gnu-toolchain/bin/../lib/gcc/avr/4.8.1/avr5\libgcc.a(_copy_data.o)
                0x000001f0                __do_copy_data
 .init4         0x00000206       0x10 c:/program files/atmel/atmel toolchain/avr8 gcc/native/3.4.1056/avr8-gnu-toolchain/bin/../lib/gcc/avr/4.8.1/avr5\libgcc.a(_clear_bss.o)
                0x00000206                __do_clear_bss
 *(.init4)
 *(.init5)
 *(.init5)
 *(.init6)
 *(.init6)
 *(.init7)
 *(.init7)
 *(.init8)
 *(.init8)
 *(.init9)
 .init9         0x00000216        0x8 c:/program files/atmel/atmel toolchain/avr8 gcc/native/3.4.1056/avr8-gnu-toolchain/bin/../lib/gcc/avr/4.8.1/../../../../avr/lib/avr5/crtm328p.o
 *(.init9)
 *(.text)
 .text          0x0000021e        0x4 c:/program files/atmel/atmel toolchain/avr8 gcc/native/3.4.1056/avr8-gnu-toolchain/bin/../lib/gcc/avr/4.8.1/../../../../avr/lib/avr5/crtm328p.o
                0x0000021e                __vector_22
                0x0000021e                __vector_1
                0x0000021e                __vector_24
                0x0000021e                __vector_12
                0x0000021e                __bad_interrupt
                0x0000021e                __vector_6
                0x0000021e                __vector_3
                0x0000021e                __vector_23
                0x0000021e                __vector_25
                0x0000021e                __vector_11
                0x0000021e                __vector_13
                0x0000021e                __vector_17
                0x0000021e                __vector_7
                0x0000021e                __vector_5
                0x0000021e                __vector_4
                0x0000021e                __vector_9
                0x0000021e                __vector_2
                0x0000021e                __vector_21
                0x0000021e                __vector_15
                0x0000021e                __vector_8
                0x0000021e                __vector_10
                0x0000021e                __vector_16
                0x0000021e                __vector_20
                0x00000222                . = ALIGN (0x2)
 *(.text.*)
 .text.read_button
                0x00000222       0x34 Hal.o
                0x00000222                read_button
 .text.read_charge_status
                0x00000256       0x34 Hal.o
                0x00000256                read_charge_status
 .text.check_device_status
                0x0000028a       0xc8 Hal.o
                0x0000028a                check_device_status
 .text.read_battery
                0x00000352       0x82 Hal.o
                0x00000352                read_battery
 .text.read_data_raw
                0x000003d4      0x15c LSM303_simple.o
                0x000003d4                read_data_raw
 .text.read_data
                0x00000530      0x15c LSM303_simple.o
                0x00000530                read_data
 .text.get_heading
                0x0000068c       0xca LSM303_simple.o
                0x0000068c                get_heading
 .text.get_heading_avg
                0x00000756      0x252 LSM303_simple.o
                0x00000756                get_heading_avg
 .text.writeAccReg
                0x000009a8       0x24 LSM303_simple.o
                0x000009a8                writeAccReg
 .text.writeMagReg
                0x000009cc       0x24 LSM303_simple.o
                0x000009cc                writeMagReg
 .text.init_lsm303
                0x000009f0       0x2e LSM303_simple.o
                0x000009f0                init_lsm303
 .text.get_temp
                0x00000a1e       0x52 LSM303_simple.o
                0x00000a1e                get_temp
 .text.i2c_init
                0x00000a70        0xc twimaster.o
                0x00000a70                i2c_init
 .text.i2c_start
                0x00000a7c       0x4e twimaster.o
                0x00000a7c                i2c_start
 .text.i2c_stop
                0x00000aca       0x12 twimaster.o
                0x00000aca                i2c_stop
 .text.i2c_write
                0x00000adc       0x24 twimaster.o
                0x00000adc                i2c_write
 .text.i2c_readAck
                0x00000b00       0x16 twimaster.o
                0x00000b00                i2c_readAck
 .text.i2c_readNak
                0x00000b16       0x16 twimaster.o
                0x00000b16                i2c_readNak
 .text.print_int
                0x00000b2c       0x4c uart_handler.o
                0x00000b2c                print_int
 .text.print_float
                0x00000b78       0x54 uart_handler.o
                0x00000b78                print_float
 .text.print_value
                0x00000bcc       0x54 uart_handler.o
                0x00000bcc                print_value
 .text.parse_assignment
                0x00000c20       0x52 uart_handler.o
                0x00000c20                parse_assignment
 .text.receive_gps
                0x00000c72      0x20e uart_handler.o
                0x00000c72                receive_gps
 .text.process_command
                0x00000e80       0xbe uart_handler.o
                0x00000e80                process_command
 .text.get_serial
                0x00000f3e       0x96 uart_handler.o
                0x00000f3e                get_serial
 .text.clearBuffer
                0x00000fd4       0x10 ui.o
                0x00000fd4                clearBuffer
 .text.delay    0x00000fe4       0x20 ui.o
                0x00000fe4                delay
 .text.setPixelColor
                0x00001004       0x52 ui.o
                0x00001004                setPixelColor
 .text.writeFrame
                0x00001056       0xc4 ui.o
                0x00001056                writeFrame
 .text.Color    0x0000111a       0x1e ui.o
                0x0000111a                Color
 .text.setBrightness
                0x00001138        0x8 ui.o
                0x00001138                setBrightness
 .text.getBrightness
                0x00001140        0x6 ui.o
                0x00001140                getBrightness
 .text.clearLeds
                0x00001146       0x26 ui.o
                0x00001146                clearLeds
 .text.setUIMode
                0x0000116c       0x14 ui.o
                0x0000116c                setUIMode
 .text.getUIMode
                0x00001180        0x6 ui.o
                0x00001180                getUIMode
 .text.setLedPercentage
                0x00001186       0x9e ui.o
                0x00001186                setLedPercentage
 .text.refreshDisplay
                0x00001224      0x610 ui.o
                0x00001224                refreshDisplay
 .text.vibrate  0x00001834       0x5e ui.o
                0x00001834                vibrate
 .text.ws2812_setleds
                0x00001892       0x4c light_ws2812.o
                0x00001892                ws2812_setleds
 .text.__vector_14
                0x000018de       0x34 Main.o
                0x000018de                __vector_14
 .text.init_io  0x00001912       0x12 Main.o
                0x00001912                init_io
 .text.init_int
                0x00001924       0x1e Main.o
                0x00001924                init_int
 .text.init_adc
                0x00001942       0x1c Main.o
                0x00001942                init_adc
 .text.read_adc
                0x0000195e       0x28 Main.o
                0x0000195e                read_adc
 .text.do_button_action
                0x00001986       0xe0 Main.o
                0x00001986                do_button_action
 .text.filtered_compass_reading
                0x00001a66       0xc4 Main.o
                0x00001a66                filtered_compass_reading
 .text.load_eeprom_settings
                0x00001b2a       0x4a Main.o
                0x00001b2a                load_eeprom_settings
 .text.reset_factory_settings
                0x00001b74       0x7e Main.o
                0x00001b74                reset_factory_settings
 .text.main     0x00001bf2      0x1bc Main.o
                0x00001bf2                main
 .text.__vector_18
                0x00001dae       0x5c uart.o
                0x00001dae                __vector_18
 .text.__vector_19
                0x00001e0a       0x54 uart.o
                0x00001e0a                __vector_19
 .text.uart_init
                0x00001e5e       0x32 uart.o
                0x00001e5e                uart_init
 .text.uart_getc
                0x00001e90       0x32 uart.o
                0x00001e90                uart_getc
 .text.uart_putc
                0x00001ec2       0x2a uart.o
                0x00001ec2                uart_putc
 .text.uart_puts
                0x00001eec       0x1e uart.o
                0x00001eec                uart_puts
 .text.vector_cross
                0x00001f0a      0x102 vector.o
                0x00001f0a                vector_cross
 .text.vector_dot
                0x0000200c       0x88 vector.o
                0x0000200c                vector_dot
 .text.vector_normalize
                0x00002094       0x72 vector.o
                0x00002094                vector_normalize
 .text.avr-libc
                0x00002106      0x6f6 c:/program files/atmel/atmel toolchain/avr8 gcc/native/3.4.1056/avr8-gnu-toolchain/bin/../lib/gcc/avr/4.8.1/../../../../avr/lib/avr5\libprintf_flt.a(vfprintf_flt.o)
                0x00002106                vfprintf
 .text.libgcc   0x000027fc        0xc c:/program files/atmel/atmel toolchain/avr8 gcc/native/3.4.1056/avr8-gnu-toolchain/bin/../lib/gcc/avr/4.8.1/avr5\libgcc.a(_tablejump.o)
                0x000027fc                __tablejump2__
                0x00002800                __tablejump__
 .text.libgcc.mul
                0x00002808       0x1e c:/program files/atmel/atmel toolchain/avr8 gcc/native/3.4.1056/avr8-gnu-toolchain/bin/../lib/gcc/avr/4.8.1/avr5\libgcc.a(_umulhisi3.o)
                0x00002808                __umulhisi3
 .text.libgcc.prologue
                0x00002826       0x38 c:/program files/atmel/atmel toolchain/avr8 gcc/native/3.4.1056/avr8-gnu-toolchain/bin/../lib/gcc/avr/4.8.1/avr5\libgcc.a(_prologue.o)
                0x00002826                __prologue_saves__
 .text.libgcc.prologue
                0x0000285e       0x36 c:/program files/atmel/atmel toolchain/avr8 gcc/native/3.4.1056/avr8-gnu-toolchain/bin/../lib/gcc/avr/4.8.1/avr5\libgcc.a(_epilogue.o)
                0x0000285e                __epilogue_restores__
 .text.avr-libc.fplib
                0x00002894        0xa c:/program files/atmel/atmel toolchain/avr8 gcc/native/3.4.1056/avr8-gnu-toolchain/bin/../lib/gcc/avr/4.8.1/../../../../avr/lib/avr5\libm.a(addsf3.o)
                0x00002894                __subsf3
                0x00002896                __addsf3
 .text.avr-libc.fplib
                0x0000289e       0xc0 c:/program files/atmel/atmel toolchain/avr8 gcc/native/3.4.1056/avr8-gnu-toolchain/bin/../lib/gcc/avr/4.8.1/../../../../avr/lib/avr5\libm.a(addsf3x.o)
                0x000028b8                __addsf3x
 .text.avr-libc.fplib
                0x0000295e       0x74 c:/program files/atmel/atmel toolchain/avr8 gcc/native/3.4.1056/avr8-gnu-toolchain/bin/../lib/gcc/avr/4.8.1/../../../../avr/lib/avr5\libm.a(atan2.o)
                0x0000297c                atan2
 .text.avr-libc.fplib
                0x000029d2       0x50 c:/program files/atmel/atmel toolchain/avr8 gcc/native/3.4.1056/avr8-gnu-toolchain/bin/../lib/gcc/avr/4.8.1/../../../../avr/lib/avr5\libm.a(atan.o)
                0x000029d2                atan
 .text.avr-libc.fplib
                0x00002a22        0x8 c:/program files/atmel/atmel toolchain/avr8 gcc/native/3.4.1056/avr8-gnu-toolchain/bin/../lib/gcc/avr/4.8.1/../../../../avr/lib/avr5\libm.a(cmpsf2.o)
                0x00002a22                __nesf2
                0x00002a22                __eqsf2
                0x00002a22                __cmpsf2
                0x00002a22                __ltsf2
                0x00002a22                __lesf2
 .text.avr-libc.fplib
                0x00002a2a        0x4 c:/program files/atmel/atmel toolchain/avr8 gcc/native/3.4.1056/avr8-gnu-toolchain/bin/../lib/gcc/avr/4.8.1/../../../../avr/lib/avr5\libm.a(divsf3.o)
                0x00002a2a                __divsf3
 .text.avr-libc.fplib
                0x00002a2e       0xcc c:/program files/atmel/atmel toolchain/avr8 gcc/native/3.4.1056/avr8-gnu-toolchain/bin/../lib/gcc/avr/4.8.1/../../../../avr/lib/avr5\libm.a(divsf3x.o)
                0x00002a44                __divsf3x
                0x00002a48                __divsf3_pse
 .text.avr-libc.fplib
                0x00002afa        0xa c:/program files/atmel/atmel toolchain/avr8 gcc/native/3.4.1056/avr8-gnu-toolchain/bin/../lib/gcc/avr/4.8.1/../../../../avr/lib/avr5\libm.a(fixsfsi.o)
                0x00002afa                __fixsfsi
 .text.avr-libc.fplib
                0x00002b04       0x58 c:/program files/atmel/atmel toolchain/avr8 gcc/native/3.4.1056/avr8-gnu-toolchain/bin/../lib/gcc/avr/4.8.1/../../../../avr/lib/avr5\libm.a(fixunssfsi.o)
                0x00002b04                __fixunssfsi
 .text.avr-libc.fplib
                0x00002b5c       0x7a c:/program files/atmel/atmel toolchain/avr8 gcc/native/3.4.1056/avr8-gnu-toolchain/bin/../lib/gcc/avr/4.8.1/../../../../avr/lib/avr5\libm.a(floatsisf.o)
                0x00002b5c                __floatunsisf
                0x00002b60                __floatsisf
 .text.avr-libc.fplib
                0x00002bd6       0x48 c:/program files/atmel/atmel toolchain/avr8 gcc/native/3.4.1056/avr8-gnu-toolchain/bin/../lib/gcc/avr/4.8.1/../../../../avr/lib/avr5\libm.a(fp_cmp.o)
                0x00002bd6                __fp_cmp
 .text.avr-libc.fplib
                0x00002c1e        0xc c:/program files/atmel/atmel toolchain/avr8 gcc/native/3.4.1056/avr8-gnu-toolchain/bin/../lib/gcc/avr/4.8.1/../../../../avr/lib/avr5\libm.a(fp_inf.o)
                0x00002c1e                __fp_inf
 .text.avr-libc.fplib
                0x00002c2a       0x1c c:/program files/atmel/atmel toolchain/avr8 gcc/native/3.4.1056/avr8-gnu-toolchain/bin/../lib/gcc/avr/4.8.1/../../../../avr/lib/avr5\libm.a(fp_mpack.o)
                0x00002c2a                __fp_mpack
                0x00002c2e                __fp_mpack_finite
 .text.avr-libc.fplib
                0x00002c46        0x6 c:/program files/atmel/atmel toolchain/avr8 gcc/native/3.4.1056/avr8-gnu-toolchain/bin/../lib/gcc/avr/4.8.1/../../../../avr/lib/avr5\libm.a(fp_nan.o)
                0x00002c46                __fp_nan
 .text.avr-libc.fplib
                0x00002c4c       0x4a c:/program files/atmel/atmel toolchain/avr8 gcc/native/3.4.1056/avr8-gnu-toolchain/bin/../lib/gcc/avr/4.8.1/../../../../avr/lib/avr5\libm.a(fp_powser.o)
                0x00002c4c                __fp_powser
 .text.avr-libc.fplib
                0x00002c96        0xe c:/program files/atmel/atmel toolchain/avr8 gcc/native/3.4.1056/avr8-gnu-toolchain/bin/../lib/gcc/avr/4.8.1/../../../../avr/lib/avr5\libm.a(fp_pscA.o)
                0x00002c96                __fp_pscA
 .text.avr-libc.fplib
                0x00002ca4        0xe c:/program files/atmel/atmel toolchain/avr8 gcc/native/3.4.1056/avr8-gnu-toolchain/bin/../lib/gcc/avr/4.8.1/../../../../avr/lib/avr5\libm.a(fp_pscB.o)
                0x00002ca4                __fp_pscB
 .text.avr-libc.fplib
                0x00002cb2       0x22 c:/program files/atmel/atmel toolchain/avr8 gcc/native/3.4.1056/avr8-gnu-toolchain/bin/../lib/gcc/avr/4.8.1/../../../../avr/lib/avr5\libm.a(fp_round.o)
                0x00002cb2                __fp_round
 .text.avr-libc.fplib
                0x00002cd4       0x44 c:/program files/atmel/atmel toolchain/avr8 gcc/native/3.4.1056/avr8-gnu-toolchain/bin/../lib/gcc/avr/4.8.1/../../../../avr/lib/avr5\libm.a(fp_split3.o)
                0x00002cd4                __fp_split3
                0x00002ce4                __fp_splitA
 .text.avr-libc.fplib
                0x00002d18        0xe c:/program files/atmel/atmel toolchain/avr8 gcc/native/3.4.1056/avr8-gnu-toolchain/bin/../lib/gcc/avr/4.8.1/../../../../avr/lib/avr5\libm.a(fp_zero.o)
                0x00002d18                __fp_zero
                0x00002d1a                __fp_szero
 .text.avr-libc.fplib
                0x00002d26        0x8 c:/program files/atmel/atmel toolchain/avr8 gcc/native/3.4.1056/avr8-gnu-toolchain/bin/../lib/gcc/avr/4.8.1/../../../../avr/lib/avr5\libm.a(gesf2.o)
                0x00002d26                __gesf2
                0x00002d26                __gtsf2
 .text.avr-libc.fplib
                0x00002d2e        0xe c:/program files/atmel/atmel toolchain/avr8 gcc/native/3.4.1056/avr8-gnu-toolchain/bin/../lib/gcc/avr/4.8.1/../../../../avr/lib/avr5\libm.a(inverse.o)
                0x00002d2e                inverse
 .text.avr-libc.fplib
                0x00002d3c        0x4 c:/program files/atmel/atmel toolchain/avr8 gcc/native/3.4.1056/avr8-gnu-toolchain/bin/../lib/gcc/avr/4.8.1/../../../../avr/lib/avr5\libm.a(mulsf3.o)
                0x00002d3c                __mulsf3
 .text.avr-libc.fplib
                0x00002d40       0xc2 c:/program files/atmel/atmel toolchain/avr8 gcc/native/3.4.1056/avr8-gnu-toolchain/bin/../lib/gcc/avr/4.8.1/../../../../avr/lib/avr5\libm.a(mulsf3x.o)
                0x00002d54                __mulsf3x
                0x00002d58                __mulsf3_pse
 .text.avr-libc.fplib
                0x00002e02       0x40 c:/program files/atmel/atmel toolchain/avr8 gcc/native/3.4.1056/avr8-gnu-toolchain/bin/../lib/gcc/avr/4.8.1/../../../../avr/lib/avr5\libm.a(round.o)
                0x00002e02                round
 .text.avr-libc.fplib
                0x00002e42       0x84 c:/program files/atmel/atmel toolchain/avr8 gcc/native/3.4.1056/avr8-gnu-toolchain/bin/../lib/gcc/avr/4.8.1/../../../../avr/lib/avr5\libm.a(sqrt.o)
                0x00002e4a                sqrt
 .text.avr-libc.fplib
                0x00002ec6        0x6 c:/program files/atmel/atmel toolchain/avr8 gcc/native/3.4.1056/avr8-gnu-toolchain/bin/../lib/gcc/avr/4.8.1/../../../../avr/lib/avr5\libm.a(square.o)
                0x00002ec6                square
 .text.avr-libc.fplib
                0x00002ecc       0x36 c:/program files/atmel/atmel toolchain/avr8 gcc/native/3.4.1056/avr8-gnu-toolchain/bin/../lib/gcc/avr/4.8.1/../../../../avr/lib/avr5\libm.a(fp_mintl.o)
                0x00002ecc                __fp_mintl
 .text.avr-libc.fplib
                0x00002f02        0xe c:/program files/atmel/atmel toolchain/avr8 gcc/native/3.4.1056/avr8-gnu-toolchain/bin/../lib/gcc/avr/4.8.1/../../../../avr/lib/avr5\libm.a(fp_norm2.o)
                0x00002f02                __fp_norm2
 .text.avr-libc
                0x00002f10       0x42 c:/program files/atmel/atmel toolchain/avr8 gcc/native/3.4.1056/avr8-gnu-toolchain/bin/../lib/gcc/avr/4.8.1/../../../../avr/lib/avr5\libc.a(dtostrf.o)
                0x00002f10                dtostrf
 .text.avr-libc
                0x00002f52        0x8 c:/program files/atmel/atmel toolchain/avr8 gcc/native/3.4.1056/avr8-gnu-toolchain/bin/../lib/gcc/avr/4.8.1/../../../../avr/lib/avr5\libc.a(atof.o)
                0x00002f52                atof
 .text.avr-libc
                0x00002f5a       0x3c c:/program files/atmel/atmel toolchain/avr8 gcc/native/3.4.1056/avr8-gnu-toolchain/bin/../lib/gcc/avr/4.8.1/../../../../avr/lib/avr5\libc.a(atoi.o)
                0x00002f5a                atoi
 .text.avr-libc
                0x00002f96      0x1b0 c:/program files/atmel/atmel toolchain/avr8 gcc/native/3.4.1056/avr8-gnu-toolchain/bin/../lib/gcc/avr/4.8.1/../../../../avr/lib/avr5\libc.a(ftoa_engine.o)
                0x00002f96                __ftoa_engine
 .text.avr-libc
                0x00003146       0x16 c:/program files/atmel/atmel toolchain/avr8 gcc/native/3.4.1056/avr8-gnu-toolchain/bin/../lib/gcc/avr/4.8.1/../../../../avr/lib/avr5\libc.a(strnlen_P.o)
                0x00003146                strnlen_P
 .text.avr-libc
                0x0000315c        0xa c:/program files/atmel/atmel toolchain/avr8 gcc/native/3.4.1056/avr8-gnu-toolchain/bin/../lib/gcc/avr/4.8.1/../../../../avr/lib/avr5\libc.a(strtok.o)
                0x0000315c                strtok
 .text.avr-libc
                0x00003166       0x16 c:/program files/atmel/atmel toolchain/avr8 gcc/native/3.4.1056/avr8-gnu-toolchain/bin/../lib/gcc/avr/4.8.1/../../../../avr/lib/avr5\libc.a(strchr.o)
                0x00003166                strchr
 .text.avr-libc
                0x0000317c        0xe c:/program files/atmel/atmel toolchain/avr8 gcc/native/3.4.1056/avr8-gnu-toolchain/bin/../lib/gcc/avr/4.8.1/../../../../avr/lib/avr5\libc.a(strcpy.o)
                0x0000317c                strcpy
 .text.avr-libc
                0x0000318a       0x16 c:/program files/atmel/atmel toolchain/avr8 gcc/native/3.4.1056/avr8-gnu-toolchain/bin/../lib/gcc/avr/4.8.1/../../../../avr/lib/avr5\libc.a(strnlen.o)
                0x0000318a                strnlen
 .text.avr-libc
                0x000031a0       0x4e c:/program files/atmel/atmel toolchain/avr8 gcc/native/3.4.1056/avr8-gnu-toolchain/bin/../lib/gcc/avr/4.8.1/../../../../avr/lib/avr5\libc.a(strtok_r.o)
                0x000031a0                strtok_r
 .text.avr-libc
                0x000031ee       0x16 c:/program files/atmel/atmel toolchain/avr8 gcc/native/3.4.1056/avr8-gnu-toolchain/bin/../lib/gcc/avr/4.8.1/../../../../avr/lib/avr5\libc.a(itoa_ncheck.o)
                0x000031ee                __itoa_ncheck
 .text.avr-libc
                0x00003204       0x10 c:/program files/atmel/atmel toolchain/avr8 gcc/native/3.4.1056/avr8-gnu-toolchain/bin/../lib/gcc/avr/4.8.1/../../../../avr/lib/avr5\libc.a(mul10.o)
                0x00003204                __mulhi_const_10
 .text.avr-libc
                0x00003214       0x34 c:/program files/atmel/atmel toolchain/avr8 gcc/native/3.4.1056/avr8-gnu-toolchain/bin/../lib/gcc/avr/4.8.1/../../../../avr/lib/avr5\libc.a(utoa_ncheck.o)
                0x00003214                __utoa_ncheck
                0x00003216                __utoa_common
 .text.avr-libc
                0x00003248       0x64 c:/program files/atmel/atmel toolchain/avr8 gcc/native/3.4.1056/avr8-gnu-toolchain/bin/../lib/gcc/avr/4.8.1/../../../../avr/lib/avr5\libc.a(fputc.o)
                0x00003248                fputc
 .text.avr-libc
                0x000032ac       0x44 c:/program files/atmel/atmel toolchain/avr8 gcc/native/3.4.1056/avr8-gnu-toolchain/bin/../lib/gcc/avr/4.8.1/../../../../avr/lib/avr5\libc.a(sprintf.o)
                0x000032ac                sprintf
 .text.avr-libc
                0x000032f0       0xbc c:/program files/atmel/atmel toolchain/avr8 gcc/native/3.4.1056/avr8-gnu-toolchain/bin/../lib/gcc/avr/4.8.1/../../../../avr/lib/avr5\libc.a(ultoa_invert.o)
                0x000032f0                __ultoa_invert
 .text.avr-libc
                0x000033ac        0xc c:/program files/atmel/atmel toolchain/avr8 gcc/native/3.4.1056/avr8-gnu-toolchain/bin/../lib/gcc/avr/4.8.1/../../../../avr/lib/avr5\libc.a(eerd_dword_atmega328p.o)
                0x000033ac                __eerd_dword_m328p
                0x000033ac                __eerd_float_m328p
 .text.avr-libc
                0x000033b8        0xc c:/program files/atmel/atmel toolchain/avr8 gcc/native/3.4.1056/avr8-gnu-toolchain/bin/../lib/gcc/avr/4.8.1/../../../../avr/lib/avr5\libc.a(eerd_word_atmega328p.o)
                0x000033b8                __eerd_word_m328p
 .text.avr-libc
                0x000033c4       0x18 c:/program files/atmel/atmel toolchain/avr8 gcc/native/3.4.1056/avr8-gnu-toolchain/bin/../lib/gcc/avr/4.8.1/../../../../avr/lib/avr5\libc.a(eeupd_dword_atmega328p.o)
                0x000033c4                __eeupd_float_m328p
                0x000033c4                __eeupd_dword_m328p
 .text.avr-libc
                0x000033dc        0xc c:/program files/atmel/atmel toolchain/avr8 gcc/native/3.4.1056/avr8-gnu-toolchain/bin/../lib/gcc/avr/4.8.1/../../../../avr/lib/avr5\libc.a(eeupd_word_atmega328p.o)
                0x000033dc                __eeupd_word_m328p
 .text.avr-libc
                0x000033e8      0x2fc c:/program files/atmel/atmel toolchain/avr8 gcc/native/3.4.1056/avr8-gnu-toolchain/bin/../lib/gcc/avr/4.8.1/../../../../avr/lib/avr5\libc.a(dtoa_prf.o)
                0x000033e8                dtoa_prf
 .text.avr-libc
                0x000036e4      0x2c6 c:/program files/atmel/atmel toolchain/avr8 gcc/native/3.4.1056/avr8-gnu-toolchain/bin/../lib/gcc/avr/4.8.1/../../../../avr/lib/avr5\libc.a(strtod.o)
                0x000036e4                strtod
 .text.avr-libc
                0x000039aa       0x10 c:/program files/atmel/atmel toolchain/avr8 gcc/native/3.4.1056/avr8-gnu-toolchain/bin/../lib/gcc/avr/4.8.1/../../../../avr/lib/avr5\libc.a(isspace.o)
                0x000039aa                isspace
 .text.avr-libc
                0x000039ba       0x30 c:/program files/atmel/atmel toolchain/avr8 gcc/native/3.4.1056/avr8-gnu-toolchain/bin/../lib/gcc/avr/4.8.1/../../../../avr/lib/avr5\libc.a(strncasecmp_P.o)
                0x000039ba                strncasecmp_P
 .text.avr-libc
                0x000039ea       0x20 c:/program files/atmel/atmel toolchain/avr8 gcc/native/3.4.1056/avr8-gnu-toolchain/bin/../lib/gcc/avr/4.8.1/../../../../avr/lib/avr5\libc.a(strrev.o)
                0x000039ea                strrev
 .text.avr-libc
                0x00003a0a       0x20 c:/program files/atmel/atmel toolchain/avr8 gcc/native/3.4.1056/avr8-gnu-toolchain/bin/../lib/gcc/avr/4.8.1/../../../../avr/lib/avr5\libc.a(eerd_block_atmega328p.o)
                0x00003a0a                __eerd_block_m328p
                0x00003a0e                __eerd_blraw_m328p
 .text.avr-libc
                0x00003a2a       0x24 c:/program files/atmel/atmel toolchain/avr8 gcc/native/3.4.1056/avr8-gnu-toolchain/bin/../lib/gcc/avr/4.8.1/../../../../avr/lib/avr5\libc.a(eeupd_byte_atmega328p.o)
                0x00003a2a                __eeupd_byte_m328p
                0x00003a2c                __eeupd_r18_m328p
 .text.avr-libc
                0x00003a4e        0x6 c:/program files/atmel/atmel toolchain/avr8 gcc/native/3.4.1056/avr8-gnu-toolchain/bin/../lib/gcc/avr/4.8.1/../../../../avr/lib/avr5\libc.a(cty_isfalse.o)
                0x00003a4e                __ctype_isfalse
                0x00003a52                __ctype_istrue
 .text.libgcc.mul
                0x00003a54       0x16 c:/program files/atmel/atmel toolchain/avr8 gcc/native/3.4.1056/avr8-gnu-toolchain/bin/../lib/gcc/avr/4.8.1/avr5\libgcc.a(_muluhisi3.o)
                0x00003a54                __muluhisi3
                0x00003a6a                . = ALIGN (0x2)
 *(.fini9)
 .fini9         0x00003a6a        0x0 c:/program files/atmel/atmel toolchain/avr8 gcc/native/3.4.1056/avr8-gnu-toolchain/bin/../lib/gcc/avr/4.8.1/avr5\libgcc.a(_exit.o)
                0x00003a6a                _exit
                0x00003a6a                exit
 *(.fini9)
 *(.fini8)
 *(.fini8)
 *(.fini7)
 *(.fini7)
 *(.fini6)
 *(.fini6)
 *(.fini5)
 *(.fini5)
 *(.fini4)
 *(.fini4)
 *(.fini3)
 *(.fini3)
 *(.fini2)
 *(.fini2)
 *(.fini1)
 *(.fini1)
 *(.fini0)
 .fini0         0x00003a6a        0x4 c:/program files/atmel/atmel toolchain/avr8 gcc/native/3.4.1056/avr8-gnu-toolchain/bin/../lib/gcc/avr/4.8.1/avr5\libgcc.a(_exit.o)
 *(.fini0)
                0x00003a6e                _etext = .

.data           0x00800100      0x452 load address 0x00003a6e
                0x00800100                PROVIDE (__data_start, .)
 *(.data)
 .data          0x00800100        0x0 c:/program files/atmel/atmel toolchain/avr8 gcc/native/3.4.1056/avr8-gnu-toolchain/bin/../lib/gcc/avr/4.8.1/../../../../avr/lib/avr5/crtm328p.o
 .data          0x00800100        0x0 Geocalc.o
 .data          0x00800100        0x0 Hal.o
 .data          0x00800100        0x0 LSM303_simple.o
 .data          0x00800100        0x0 twimaster.o
 .data          0x00800100        0x0 uart_handler.o
 .data          0x00800100        0x0 ui.o
 .data          0x00800100        0x0 hmc5883l.o
 .data          0x00800100        0x0 light_ws2812.o
 .data          0x00800100        0x0 Main.o
 .data          0x00800100        0x0 uart.o
 .data          0x00800100        0x0 vector.o
 .data          0x00800100        0x0 c:/program files/atmel/atmel toolchain/avr8 gcc/native/3.4.1056/avr8-gnu-toolchain/bin/../lib/gcc/avr/4.8.1/../../../../avr/lib/avr5\libprintf_flt.a(vfprintf_flt.o)
 .data          0x00800100        0x0 c:/program files/atmel/atmel toolchain/avr8 gcc/native/3.4.1056/avr8-gnu-toolchain/bin/../lib/gcc/avr/4.8.1/avr5\libgcc.a(_divmodhi4.o)
 .data          0x00800100        0x0 c:/program files/atmel/atmel toolchain/avr8 gcc/native/3.4.1056/avr8-gnu-toolchain/bin/../lib/gcc/avr/4.8.1/avr5\libgcc.a(_exit.o)
 .data          0x00800100        0x0 c:/program files/atmel/atmel toolchain/avr8 gcc/native/3.4.1056/avr8-gnu-toolchain/bin/../lib/gcc/avr/4.8.1/avr5\libgcc.a(_tablejump.o)
 .data          0x00800100        0x0 c:/program files/atmel/atmel toolchain/avr8 gcc/native/3.4.1056/avr8-gnu-toolchain/bin/../lib/gcc/avr/4.8.1/avr5\libgcc.a(_copy_data.o)
 .data          0x00800100        0x0 c:/program files/atmel/atmel toolchain/avr8 gcc/native/3.4.1056/avr8-gnu-toolchain/bin/../lib/gcc/avr/4.8.1/avr5\libgcc.a(_clear_bss.o)
 .data          0x00800100        0x0 c:/program files/atmel/atmel toolchain/avr8 gcc/native/3.4.1056/avr8-gnu-toolchain/bin/../lib/gcc/avr/4.8.1/avr5\libgcc.a(_umulhisi3.o)
 .data          0x00800100        0x0 c:/program files/atmel/atmel toolchain/avr8 gcc/native/3.4.1056/avr8-gnu-toolchain/bin/../lib/gcc/avr/4.8.1/avr5\libgcc.a(_prologue.o)
 .data          0x00800100        0x0 c:/program files/atmel/atmel toolchain/avr8 gcc/native/3.4.1056/avr8-gnu-toolchain/bin/../lib/gcc/avr/4.8.1/avr5\libgcc.a(_epilogue.o)
 .data          0x00800100        0x0 c:/program files/atmel/atmel toolchain/avr8 gcc/native/3.4.1056/avr8-gnu-toolchain/bin/../lib/gcc/avr/4.8.1/avr5\libgcc.a(_udivmodhi4.o)
 .data          0x00800100        0x0 c:/program files/atmel/atmel toolchain/avr8 gcc/native/3.4.1056/avr8-gnu-toolchain/bin/../lib/gcc/avr/4.8.1/../../../../avr/lib/avr5\libm.a(addsf3.o)
 .data          0x00800100        0x0 c:/program files/atmel/atmel toolchain/avr8 gcc/native/3.4.1056/avr8-gnu-toolchain/bin/../lib/gcc/avr/4.8.1/../../../../avr/lib/avr5\libm.a(addsf3x.o)
 .data          0x00800100        0x0 c:/program files/atmel/atmel toolchain/avr8 gcc/native/3.4.1056/avr8-gnu-toolchain/bin/../lib/gcc/avr/4.8.1/../../../../avr/lib/avr5\libm.a(atan2.o)
 .data          0x00800100        0x0 c:/program files/atmel/atmel toolchain/avr8 gcc/native/3.4.1056/avr8-gnu-toolchain/bin/../lib/gcc/avr/4.8.1/../../../../avr/lib/avr5\libm.a(atan.o)
 .data          0x00800100        0x0 c:/program files/atmel/atmel toolchain/avr8 gcc/native/3.4.1056/avr8-gnu-toolchain/bin/../lib/gcc/avr/4.8.1/../../../../avr/lib/avr5\libm.a(cmpsf2.o)
 .data          0x00800100        0x0 c:/program files/atmel/atmel toolchain/avr8 gcc/native/3.4.1056/avr8-gnu-toolchain/bin/../lib/gcc/avr/4.8.1/../../../../avr/lib/avr5\libm.a(cos.o)
 .data          0x00800100        0x0 c:/program files/atmel/atmel toolchain/avr8 gcc/native/3.4.1056/avr8-gnu-toolchain/bin/../lib/gcc/avr/4.8.1/../../../../avr/lib/avr5\libm.a(divsf3.o)
 .data          0x00800100        0x0 c:/program files/atmel/atmel toolchain/avr8 gcc/native/3.4.1056/avr8-gnu-toolchain/bin/../lib/gcc/avr/4.8.1/../../../../avr/lib/avr5\libm.a(divsf3x.o)
 .data          0x00800100        0x0 c:/program files/atmel/atmel toolchain/avr8 gcc/native/3.4.1056/avr8-gnu-toolchain/bin/../lib/gcc/avr/4.8.1/../../../../avr/lib/avr5\libm.a(fixsfsi.o)
 .data          0x00800100        0x0 c:/program files/atmel/atmel toolchain/avr8 gcc/native/3.4.1056/avr8-gnu-toolchain/bin/../lib/gcc/avr/4.8.1/../../../../avr/lib/avr5\libm.a(fixunssfsi.o)
 .data          0x00800100        0x0 c:/program files/atmel/atmel toolchain/avr8 gcc/native/3.4.1056/avr8-gnu-toolchain/bin/../lib/gcc/avr/4.8.1/../../../../avr/lib/avr5\libm.a(floatsisf.o)
 .data          0x00800100        0x0 c:/program files/atmel/atmel toolchain/avr8 gcc/native/3.4.1056/avr8-gnu-toolchain/bin/../lib/gcc/avr/4.8.1/../../../../avr/lib/avr5\libm.a(fmod.o)
 .data          0x00800100        0x0 c:/program files/atmel/atmel toolchain/avr8 gcc/native/3.4.1056/avr8-gnu-toolchain/bin/../lib/gcc/avr/4.8.1/../../../../avr/lib/avr5\libm.a(fp_cmp.o)
 .data          0x00800100        0x0 c:/program files/atmel/atmel toolchain/avr8 gcc/native/3.4.1056/avr8-gnu-toolchain/bin/../lib/gcc/avr/4.8.1/../../../../avr/lib/avr5\libm.a(fp_inf.o)
 .data          0x00800100        0x0 c:/program files/atmel/atmel toolchain/avr8 gcc/native/3.4.1056/avr8-gnu-toolchain/bin/../lib/gcc/avr/4.8.1/../../../../avr/lib/avr5\libm.a(fp_mpack.o)
 .data          0x00800100        0x0 c:/program files/atmel/atmel toolchain/avr8 gcc/native/3.4.1056/avr8-gnu-toolchain/bin/../lib/gcc/avr/4.8.1/../../../../avr/lib/avr5\libm.a(fp_nan.o)
 .data          0x00800100        0x0 c:/program files/atmel/atmel toolchain/avr8 gcc/native/3.4.1056/avr8-gnu-toolchain/bin/../lib/gcc/avr/4.8.1/../../../../avr/lib/avr5\libm.a(fp_powser.o)
 .data          0x00800100        0x0 c:/program files/atmel/atmel toolchain/avr8 gcc/native/3.4.1056/avr8-gnu-toolchain/bin/../lib/gcc/avr/4.8.1/../../../../avr/lib/avr5\libm.a(fp_pscA.o)
 .data          0x00800100        0x0 c:/program files/atmel/atmel toolchain/avr8 gcc/native/3.4.1056/avr8-gnu-toolchain/bin/../lib/gcc/avr/4.8.1/../../../../avr/lib/avr5\libm.a(fp_pscB.o)
 .data          0x00800100        0x0 c:/program files/atmel/atmel toolchain/avr8 gcc/native/3.4.1056/avr8-gnu-toolchain/bin/../lib/gcc/avr/4.8.1/../../../../avr/lib/avr5\libm.a(fp_rempio2.o)
 .data          0x00800100        0x0 c:/program files/atmel/atmel toolchain/avr8 gcc/native/3.4.1056/avr8-gnu-toolchain/bin/../lib/gcc/avr/4.8.1/../../../../avr/lib/avr5\libm.a(fp_round.o)
 .data          0x00800100        0x0 c:/program files/atmel/atmel toolchain/avr8 gcc/native/3.4.1056/avr8-gnu-toolchain/bin/../lib/gcc/avr/4.8.1/../../../../avr/lib/avr5\libm.a(fp_sinus.o)
 .data          0x00800100        0x0 c:/program files/atmel/atmel toolchain/avr8 gcc/native/3.4.1056/avr8-gnu-toolchain/bin/../lib/gcc/avr/4.8.1/../../../../avr/lib/avr5\libm.a(fp_split3.o)
 .data          0x00800100        0x0 c:/program files/atmel/atmel toolchain/avr8 gcc/native/3.4.1056/avr8-gnu-toolchain/bin/../lib/gcc/avr/4.8.1/../../../../avr/lib/avr5\libm.a(fp_zero.o)
 .data          0x00800100        0x0 c:/program files/atmel/atmel toolchain/avr8 gcc/native/3.4.1056/avr8-gnu-toolchain/bin/../lib/gcc/avr/4.8.1/../../../../avr/lib/avr5\libm.a(gesf2.o)
 .data          0x00800100        0x0 c:/program files/atmel/atmel toolchain/avr8 gcc/native/3.4.1056/avr8-gnu-toolchain/bin/../lib/gcc/avr/4.8.1/../../../../avr/lib/avr5\libm.a(inverse.o)
 .data          0x00800100        0x0 c:/program files/atmel/atmel toolchain/avr8 gcc/native/3.4.1056/avr8-gnu-toolchain/bin/../lib/gcc/avr/4.8.1/../../../../avr/lib/avr5\libm.a(mulsf3.o)
 .data          0x00800100        0x0 c:/program files/atmel/atmel toolchain/avr8 gcc/native/3.4.1056/avr8-gnu-toolchain/bin/../lib/gcc/avr/4.8.1/../../../../avr/lib/avr5\libm.a(mulsf3x.o)
 .data          0x00800100        0x0 c:/program files/atmel/atmel toolchain/avr8 gcc/native/3.4.1056/avr8-gnu-toolchain/bin/../lib/gcc/avr/4.8.1/../../../../avr/lib/avr5\libm.a(round.o)
 .data          0x00800100        0x0 c:/program files/atmel/atmel toolchain/avr8 gcc/native/3.4.1056/avr8-gnu-toolchain/bin/../lib/gcc/avr/4.8.1/../../../../avr/lib/avr5\libm.a(sin.o)
 .data          0x00800100        0x0 c:/program files/atmel/atmel toolchain/avr8 gcc/native/3.4.1056/avr8-gnu-toolchain/bin/../lib/gcc/avr/4.8.1/../../../../avr/lib/avr5\libm.a(sqrt.o)
 .data          0x00800100        0x0 c:/program files/atmel/atmel toolchain/avr8 gcc/native/3.4.1056/avr8-gnu-toolchain/bin/../lib/gcc/avr/4.8.1/../../../../avr/lib/avr5\libm.a(square.o)
 .data          0x00800100        0x0 c:/program files/atmel/atmel toolchain/avr8 gcc/native/3.4.1056/avr8-gnu-toolchain/bin/../lib/gcc/avr/4.8.1/../../../../avr/lib/avr5\libm.a(fp_mintl.o)
 .data          0x00800100        0x0 c:/program files/atmel/atmel toolchain/avr8 gcc/native/3.4.1056/avr8-gnu-toolchain/bin/../lib/gcc/avr/4.8.1/../../../../avr/lib/avr5\libm.a(fp_norm2.o)
 .data          0x00800100        0x0 c:/program files/atmel/atmel toolchain/avr8 gcc/native/3.4.1056/avr8-gnu-toolchain/bin/../lib/gcc/avr/4.8.1/../../../../avr/lib/avr5\libm.a(fp_powsodd.o)
 .data          0x00800100        0x0 c:/program files/atmel/atmel toolchain/avr8 gcc/native/3.4.1056/avr8-gnu-toolchain/bin/../lib/gcc/avr/4.8.1/../../../../avr/lib/avr5\libc.a(dtostrf.o)
 .data          0x00800100        0x0 c:/program files/atmel/atmel toolchain/avr8 gcc/native/3.4.1056/avr8-gnu-toolchain/bin/../lib/gcc/avr/4.8.1/../../../../avr/lib/avr5\libc.a(atof.o)
 .data          0x00800100        0x0 c:/program files/atmel/atmel toolchain/avr8 gcc/native/3.4.1056/avr8-gnu-toolchain/bin/../lib/gcc/avr/4.8.1/../../../../avr/lib/avr5\libc.a(atoi.o)
 .data          0x00800100        0x0 c:/program files/atmel/atmel toolchain/avr8 gcc/native/3.4.1056/avr8-gnu-toolchain/bin/../lib/gcc/avr/4.8.1/../../../../avr/lib/avr5\libc.a(ftoa_engine.o)
 .data          0x00800100        0x0 c:/program files/atmel/atmel toolchain/avr8 gcc/native/3.4.1056/avr8-gnu-toolchain/bin/../lib/gcc/avr/4.8.1/../../../../avr/lib/avr5\libc.a(strnlen_P.o)
 .data          0x00800100        0x0 c:/program files/atmel/atmel toolchain/avr8 gcc/native/3.4.1056/avr8-gnu-toolchain/bin/../lib/gcc/avr/4.8.1/../../../../avr/lib/avr5\libc.a(strtok.o)
 .data          0x00800100        0x0 c:/program files/atmel/atmel toolchain/avr8 gcc/native/3.4.1056/avr8-gnu-toolchain/bin/../lib/gcc/avr/4.8.1/../../../../avr/lib/avr5\libc.a(strchr.o)
 .data          0x00800100        0x0 c:/program files/atmel/atmel toolchain/avr8 gcc/native/3.4.1056/avr8-gnu-toolchain/bin/../lib/gcc/avr/4.8.1/../../../../avr/lib/avr5\libc.a(strcpy.o)
 .data          0x00800100        0x0 c:/program files/atmel/atmel toolchain/avr8 gcc/native/3.4.1056/avr8-gnu-toolchain/bin/../lib/gcc/avr/4.8.1/../../../../avr/lib/avr5\libc.a(strnlen.o)
 .data          0x00800100        0x0 c:/program files/atmel/atmel toolchain/avr8 gcc/native/3.4.1056/avr8-gnu-toolchain/bin/../lib/gcc/avr/4.8.1/../../../../avr/lib/avr5\libc.a(strtok_r.o)
 .data          0x00800100        0x0 c:/program files/atmel/atmel toolchain/avr8 gcc/native/3.4.1056/avr8-gnu-toolchain/bin/../lib/gcc/avr/4.8.1/../../../../avr/lib/avr5\libc.a(itoa_ncheck.o)
 .data          0x00800100        0x0 c:/program files/atmel/atmel toolchain/avr8 gcc/native/3.4.1056/avr8-gnu-toolchain/bin/../lib/gcc/avr/4.8.1/../../../../avr/lib/avr5\libc.a(mul10.o)
 .data          0x00800100        0x0 c:/program files/atmel/atmel toolchain/avr8 gcc/native/3.4.1056/avr8-gnu-toolchain/bin/../lib/gcc/avr/4.8.1/../../../../avr/lib/avr5\libc.a(utoa_ncheck.o)
 .data          0x00800100        0x0 c:/program files/atmel/atmel toolchain/avr8 gcc/native/3.4.1056/avr8-gnu-toolchain/bin/../lib/gcc/avr/4.8.1/../../../../avr/lib/avr5\libc.a(fputc.o)
 .data          0x00800100        0x0 c:/program files/atmel/atmel toolchain/avr8 gcc/native/3.4.1056/avr8-gnu-toolchain/bin/../lib/gcc/avr/4.8.1/../../../../avr/lib/avr5\libc.a(sprintf.o)
 .data          0x00800100        0x0 c:/program files/atmel/atmel toolchain/avr8 gcc/native/3.4.1056/avr8-gnu-toolchain/bin/../lib/gcc/avr/4.8.1/../../../../avr/lib/avr5\libc.a(ultoa_invert.o)
 .data          0x00800100        0x0 c:/program files/atmel/atmel toolchain/avr8 gcc/native/3.4.1056/avr8-gnu-toolchain/bin/../lib/gcc/avr/4.8.1/../../../../avr/lib/avr5\libc.a(eerd_dword_atmega328p.o)
 .data          0x00800100        0x0 c:/program files/atmel/atmel toolchain/avr8 gcc/native/3.4.1056/avr8-gnu-toolchain/bin/../lib/gcc/avr/4.8.1/../../../../avr/lib/avr5\libc.a(eerd_word_atmega328p.o)
 .data          0x00800100        0x0 c:/program files/atmel/atmel toolchain/avr8 gcc/native/3.4.1056/avr8-gnu-toolchain/bin/../lib/gcc/avr/4.8.1/../../../../avr/lib/avr5\libc.a(eeupd_dword_atmega328p.o)
 .data          0x00800100        0x0 c:/program files/atmel/atmel toolchain/avr8 gcc/native/3.4.1056/avr8-gnu-toolchain/bin/../lib/gcc/avr/4.8.1/../../../../avr/lib/avr5\libc.a(eeupd_word_atmega328p.o)
 .data          0x00800100        0x0 c:/program files/atmel/atmel toolchain/avr8 gcc/native/3.4.1056/avr8-gnu-toolchain/bin/../lib/gcc/avr/4.8.1/../../../../avr/lib/avr5\libc.a(dtoa_prf.o)
 .data          0x00800100        0x0 c:/program files/atmel/atmel toolchain/avr8 gcc/native/3.4.1056/avr8-gnu-toolchain/bin/../lib/gcc/avr/4.8.1/../../../../avr/lib/avr5\libc.a(strtod.o)
 .data          0x00800100        0x0 c:/program files/atmel/atmel toolchain/avr8 gcc/native/3.4.1056/avr8-gnu-toolchain/bin/../lib/gcc/avr/4.8.1/../../../../avr/lib/avr5\libc.a(isspace.o)
 .data          0x00800100        0x0 c:/program files/atmel/atmel toolchain/avr8 gcc/native/3.4.1056/avr8-gnu-toolchain/bin/../lib/gcc/avr/4.8.1/../../../../avr/lib/avr5\libc.a(strncasecmp_P.o)
 .data          0x00800100        0x0 c:/program files/atmel/atmel toolchain/avr8 gcc/native/3.4.1056/avr8-gnu-toolchain/bin/../lib/gcc/avr/4.8.1/../../../../avr/lib/avr5\libc.a(strrev.o)
 .data          0x00800100        0x0 c:/program files/atmel/atmel toolchain/avr8 gcc/native/3.4.1056/avr8-gnu-toolchain/bin/../lib/gcc/avr/4.8.1/../../../../avr/lib/avr5\libc.a(eerd_block_atmega328p.o)
 .data          0x00800100        0x0 c:/program files/atmel/atmel toolchain/avr8 gcc/native/3.4.1056/avr8-gnu-toolchain/bin/../lib/gcc/avr/4.8.1/../../../../avr/lib/avr5\libc.a(eeupd_byte_atmega328p.o)
 .data          0x00800100        0x0 c:/program files/atmel/atmel toolchain/avr8 gcc/native/3.4.1056/avr8-gnu-toolchain/bin/../lib/gcc/avr/4.8.1/../../../../avr/lib/avr5\libc.a(errno.o)
 .data          0x00800100        0x0 c:/program files/atmel/atmel toolchain/avr8 gcc/native/3.4.1056/avr8-gnu-toolchain/bin/../lib/gcc/avr/4.8.1/../../../../avr/lib/avr5\libc.a(cty_isfalse.o)
 .data          0x00800100        0x0 c:/program files/atmel/atmel toolchain/avr8 gcc/native/3.4.1056/avr8-gnu-toolchain/bin/../lib/gcc/avr/4.8.1/avr5\libgcc.a(_muluhisi3.o)
 *(.data*)
 .data.m_max    0x00800100        0xc LSM303_simple.o
                0x00800100                m_max
 .data.m_min    0x0080010c        0xc LSM303_simple.o
                0x0080010c                m_min
 .data.p        0x00800118        0xc LSM303_simple.o
                0x00800118                p
 *(.rodata)
 *(.rodata*)
 .rodata.str1.1
                0x00800124       0xc9 Hal.o
 .rodata.str1.1
                0x008001ed      0x1ad uart_handler.o
                                0x1b6 (size before relaxing)
 .rodata.str1.1
                0x0080039a       0x5f ui.o
 .rodata.str1.1
                0x008003f9      0x158 Main.o
                                0x17f (size before relaxing)
 *(.gnu.linkonce.d*)
                0x00800552                . = ALIGN (0x2)
 *fill*         0x00800551        0x1 
                0x00800552                _edata = .
                0x00800552                PROVIDE (__data_end, .)

.bss            0x00800552      0x242
                0x00800552                PROVIDE (__bss_start, .)
 *(.bss)
 .bss           0x00800552        0x2 c:/program files/atmel/atmel toolchain/avr8 gcc/native/3.4.1056/avr8-gnu-toolchain/bin/../lib/gcc/avr/4.8.1/../../../../avr/lib/avr5\libc.a(strtok.o)
 *(.bss*)
 .bss.test.2550
                0x00800554        0x2 uart_handler.o
 .bss.debug_on  0x00800556        0x1 uart_handler.o
                0x00800556                debug_on
 .bss.timeout_timer
                0x00800557        0x2 ui.o
                0x00800557                timeout_timer
 .bss.ui_counter
                0x00800559        0x1 ui.o
                0x00800559                ui_counter
 .bss.button_counter
                0x0080055a        0x1 ui.o
                0x0080055a                button_counter
 .bss.togglebit
                0x0080055b        0x1 ui.o
                0x0080055b                togglebit
 .bss.error_counter.2517
                0x0080055c        0x2 Main.o
 .bss.refresh_counter.2471
                0x0080055e        0x1 Main.o
 .bss.UART_LastRxError
                0x0080055f        0x1 uart.o
 .bss.UART_RxTail
                0x00800560        0x1 uart.o
 .bss.UART_RxHead
                0x00800561        0x1 uart.o
 .bss.UART_TxTail
                0x00800562        0x1 uart.o
 .bss.UART_TxHead
                0x00800563        0x1 uart.o
 .bss.UART_RxBuf
                0x00800564       0x40 uart.o
 .bss.UART_TxBuf
                0x008005a4       0x20 uart.o
 *(COMMON)
 COMMON         0x008005c4       0x61 Geocalc.o
                0x008005c4                uiBuffer
                0x008005f8                UI
                0x00800601                lon_dest
                0x00800605                lat_dest
                0x00800609                lat_current
                0x0080060d                lon_current
                0x00800611                device
 COMMON         0x00800625      0x12e Hal.o
                0x00800625                data_count
                0x00800626                command_in
                0x0080068a                data_in
                0x008006ee                command_ready
                0x008006ef                data_in2
 COMMON         0x00800753       0x18 LSM303_simple.o
                0x00800753                a
                0x0080075f                m
 COMMON         0x0080076b       0x27 ui.o
                0x0080076b                led
 COMMON         0x00800792        0x2 c:/program files/atmel/atmel toolchain/avr8 gcc/native/3.4.1056/avr8-gnu-toolchain/bin/../lib/gcc/avr/4.8.1/../../../../avr/lib/avr5\libc.a(errno.o)
                0x00800792                errno
                0x00800794                PROVIDE (__bss_end, .)
                0x00003a6e                __data_load_start = LOADADDR (.data)
                0x00003ec0                __data_load_end = (__data_load_start + SIZEOF (.data))

.noinit         0x00800794        0x0
                0x00800794                PROVIDE (__noinit_start, .)
 *(.noinit*)
                0x00800794                PROVIDE (__noinit_end, .)
                0x00800794                _end = .
                0x00800794                PROVIDE (__heap_start, .)

.eeprom         0x00810000        0xe
 *(.eeprom*)
 .eeprom        0x00810000        0xe Main.o
                0x00810000                eeprom_navigationcolor
                0x00810004                eeprom_shownorth
                0x00810006                eeprom_showdistance
                0x00810008                eeprom_displaymode
                0x0081000a                eeprom_brightness
                0x0081000c                eeprom_first_startup
                0x0081000e                __eeprom_end = .

.fuse
 *(.fuse)
 *(.lfuse)
 *(.hfuse)
 *(.efuse)

.lock
 *(.lock*)

.signature
 *(.signature*)

.user_signatures
 *(.user_signatures*)

.stab
 *(.stab)

.stabstr
 *(.stabstr)

.stab.excl
 *(.stab.excl)

.stab.exclstr
 *(.stab.exclstr)

.stab.index
 *(.stab.index)

.stab.indexstr
 *(.stab.indexstr)

.comment        0x00000000       0x5c
 *(.comment)
 .comment       0x00000000       0x30 Geocalc.o
                                 0x31 (size before relaxing)
 .comment       0x00000000       0x31 Hal.o
 .comment       0x00000000       0x31 LSM303_simple.o
 .comment       0x00000000       0x31 twimaster.o
 .comment       0x00000000       0x31 uart_handler.o
 .comment       0x00000000       0x31 ui.o
 .comment       0x00000000       0x31 hmc5883l.o
 .comment       0x00000000       0x31 light_ws2812.o
 .comment       0x00000000       0x31 Main.o
 .comment       0x00000000       0x31 uart.o
 .comment       0x00000000       0x31 vector.o
 .comment       0x00000030       0x2c c:/program files/atmel/atmel toolchain/avr8 gcc/native/3.4.1056/avr8-gnu-toolchain/bin/../lib/gcc/avr/4.8.1/../../../../avr/lib/avr5\libprintf_flt.a(vfprintf_flt.o)
                                 0x2d (size before relaxing)
 .comment       0x00000000       0x31 c:/program files/atmel/atmel toolchain/avr8 gcc/native/3.4.1056/avr8-gnu-toolchain/bin/../lib/gcc/avr/4.8.1/../../../../avr/lib/avr5\libc.a(dtostrf.o)
 .comment       0x00000000       0x31 c:/program files/atmel/atmel toolchain/avr8 gcc/native/3.4.1056/avr8-gnu-toolchain/bin/../lib/gcc/avr/4.8.1/../../../../avr/lib/avr5\libc.a(strtok.o)
 .comment       0x00000000       0x31 c:/program files/atmel/atmel toolchain/avr8 gcc/native/3.4.1056/avr8-gnu-toolchain/bin/../lib/gcc/avr/4.8.1/../../../../avr/lib/avr5\libc.a(fputc.o)
 .comment       0x00000000       0x31 c:/program files/atmel/atmel toolchain/avr8 gcc/native/3.4.1056/avr8-gnu-toolchain/bin/../lib/gcc/avr/4.8.1/../../../../avr/lib/avr5\libc.a(sprintf.o)
 .comment       0x00000000       0x31 c:/program files/atmel/atmel toolchain/avr8 gcc/native/3.4.1056/avr8-gnu-toolchain/bin/../lib/gcc/avr/4.8.1/../../../../avr/lib/avr5\libc.a(dtoa_prf.o)
 .comment       0x00000000       0x31 c:/program files/atmel/atmel toolchain/avr8 gcc/native/3.4.1056/avr8-gnu-toolchain/bin/../lib/gcc/avr/4.8.1/../../../../avr/lib/avr5\libc.a(strtod.o)
 .comment       0x00000000       0x2d c:/program files/atmel/atmel toolchain/avr8 gcc/native/3.4.1056/avr8-gnu-toolchain/bin/../lib/gcc/avr/4.8.1/../../../../avr/lib/avr5\libc.a(errno.o)

.note.gnu.build-id
 *(.note.gnu.build-id)

.debug
 *(.debug)

.line
 *(.line)

.debug_srcinfo
 *(.debug_srcinfo)

.debug_sfnames
 *(.debug_sfnames)

.debug_aranges  0x00000000      0x3e8
 *(.debug_aranges)
 .debug_aranges
                0x00000000       0x38 Geocalc.o
 .debug_aranges
                0x00000038       0x48 Hal.o
 .debug_aranges
                0x00000080       0x70 LSM303_simple.o
 .debug_aranges
                0x000000f0       0x58 twimaster.o
 .debug_aranges
                0x00000148       0x68 uart_handler.o
 .debug_aranges
                0x000001b0       0xb8 ui.o
 .debug_aranges
                0x00000268       0x38 hmc5883l.o
 .debug_aranges
                0x000002a0       0x40 light_ws2812.o
 .debug_aranges
                0x000002e0       0x88 Main.o
 .debug_aranges
                0x00000368       0x50 uart.o
 .debug_aranges
                0x000003b8       0x30 vector.o

.debug_pubnames
 *(.debug_pubnames)

.debug_info     0x00000000     0x6743
 *(.debug_info .gnu.linkonce.wi.*)
 .debug_info    0x00000000      0x69e Geocalc.o
 .debug_info    0x0000069e      0x6f4 Hal.o
 .debug_info    0x00000d92      0xe2c LSM303_simple.o
 .debug_info    0x00001bbe      0x1bd twimaster.o
 .debug_info    0x00001d7b     0x165e uart_handler.o
 .debug_info    0x000033d9     0x1618 ui.o
 .debug_info    0x000049f1      0x425 hmc5883l.o
 .debug_info    0x00004e16      0x50e light_ws2812.o
 .debug_info    0x00005324      0xf9c Main.o
 .debug_info    0x000062c0      0x305 uart.o
 .debug_info    0x000065c5      0x17e vector.o

.debug_abbrev   0x00000000     0x17b9
 *(.debug_abbrev)
 .debug_abbrev  0x00000000      0x1b7 Geocalc.o
 .debug_abbrev  0x000001b7      0x235 Hal.o
 .debug_abbrev  0x000003ec      0x28f LSM303_simple.o
 .debug_abbrev  0x0000067b       0xe5 twimaster.o
 .debug_abbrev  0x00000760      0x382 uart_handler.o
 .debug_abbrev  0x00000ae2      0x415 ui.o
 .debug_abbrev  0x00000ef7      0x1de hmc5883l.o
 .debug_abbrev  0x000010d5      0x18e light_ws2812.o
 .debug_abbrev  0x00001263      0x346 Main.o
 .debug_abbrev  0x000015a9      0x120 uart.o
 .debug_abbrev  0x000016c9       0xf0 vector.o

.debug_line     0x00000000     0x19aa
 *(.debug_line .debug_line.* .debug_line_end)
 .debug_line    0x00000000      0x134 Geocalc.o
 .debug_line    0x00000134      0x21c Hal.o
 .debug_line    0x00000350      0x2b1 LSM303_simple.o
 .debug_line    0x00000601      0x1a3 twimaster.o
 .debug_line    0x000007a4      0x3e6 uart_handler.o
 .debug_line    0x00000b8a      0x50c ui.o
 .debug_line    0x00001096      0x19b hmc5883l.o
 .debug_line    0x00001231      0x1cb light_ws2812.o
 .debug_line    0x000013fc      0x391 Main.o
 .debug_line    0x0000178d      0x13f uart.o
 .debug_line    0x000018cc       0xde vector.o

.debug_frame    0x00000000      0xcb4
 *(.debug_frame)
 .debug_frame   0x00000000      0x104 Geocalc.o
 .debug_frame   0x00000104       0x8c Hal.o
 .debug_frame   0x00000190      0x260 LSM303_simple.o
 .debug_frame   0x000003f0       0xa0 twimaster.o
 .debug_frame   0x00000490      0x1c8 uart_handler.o
 .debug_frame   0x00000658      0x214 ui.o
 .debug_frame   0x0000086c       0xe4 hmc5883l.o
 .debug_frame   0x00000950       0x64 light_ws2812.o
 .debug_frame   0x000009b4      0x160 Main.o
 .debug_frame   0x00000b14       0xe0 uart.o
 .debug_frame   0x00000bf4       0xc0 vector.o

.debug_str      0x00000000      0xc84
 *(.debug_str)
 .debug_str     0x00000000      0x26d Geocalc.o
                                0x30d (size before relaxing)
 .debug_str     0x0000026d      0x14d Hal.o
                                0x3da (size before relaxing)
 .debug_str     0x000003ba      0x161 LSM303_simple.o
                                0x40b (size before relaxing)
 .debug_str     0x0000051b       0x3b twimaster.o
                                0x1d3 (size before relaxing)
 .debug_str     0x00000556      0x243 uart_handler.o
                                0x605 (size before relaxing)
 .debug_str     0x00000799      0x17d ui.o
                                0x513 (size before relaxing)
 .debug_str     0x00000916       0x99 hmc5883l.o
                                0x27e (size before relaxing)
 .debug_str     0x000009af       0xa0 light_ws2812.o
                                0x267 (size before relaxing)
 .debug_str     0x00000a4f      0x16b Main.o
                                0x602 (size before relaxing)
 .debug_str     0x00000bba       0xbc uart.o
                                0x261 (size before relaxing)
 .debug_str     0x00000c76        0xe vector.o
                                0x136 (size before relaxing)

.debug_loc      0x00000000     0x4366
 *(.debug_loc)
 .debug_loc     0x00000000      0x5fe Geocalc.o
 .debug_loc     0x000005fe       0xff Hal.o
 .debug_loc     0x000006fd      0x975 LSM303_simple.o
 .debug_loc     0x00001072      0x12d twimaster.o
 .debug_loc     0x0000119f      0x819 uart_handler.o
 .debug_loc     0x000019b8     0x1735 ui.o
 .debug_loc     0x000030ed      0x38a hmc5883l.o
 .debug_loc     0x00003477      0x4fd light_ws2812.o
 .debug_loc     0x00003974      0x3f2 Main.o
 .debug_loc     0x00003d66      0x325 uart.o
 .debug_loc     0x0000408b      0x2db vector.o

.debug_macinfo
 *(.debug_macinfo)

.debug_weaknames
 *(.debug_weaknames)

.debug_funcnames
 *(.debug_funcnames)

.debug_typenames
 *(.debug_typenames)

.debug_varnames
 *(.debug_varnames)

.debug_pubtypes
 *(.debug_pubtypes)

.debug_ranges   0x00000000      0x3b0
 *(.debug_ranges)
 .debug_ranges  0x00000000       0x28 Geocalc.o
 .debug_ranges  0x00000028       0x38 Hal.o
 .debug_ranges  0x00000060       0x60 LSM303_simple.o
 .debug_ranges  0x000000c0       0x48 twimaster.o
 .debug_ranges  0x00000108       0x58 uart_handler.o
 .debug_ranges  0x00000160      0x108 ui.o
 .debug_ranges  0x00000268       0x28 hmc5883l.o
 .debug_ranges  0x00000290       0x30 light_ws2812.o
 .debug_ranges  0x000002c0       0x78 Main.o
 .debug_ranges  0x00000338       0x58 uart.o
 .debug_ranges  0x00000390       0x20 vector.o

.debug_macro
 *(.debug_macro)
OUTPUT(Main.elf elf32-avr)
LOAD linker stubs
